Mar 27 07:14:50 SISOP anacron[652]: Job `cron.daily' terminated
Mar 27 07:17:07 SISOP CRON[3187]: (root) CMD (   cd / && run-parts --report /etc/cron.hourly)
Mar 27 07:17:11 SISOP rtkit-daemon[1325]: The canary thread is apparently starving. Taking action.
Mar 27 07:17:11 SISOP rtkit-daemon[1325]: Demoting known real-time threads.
Mar 27 07:17:11 SISOP rtkit-daemon[1325]: Successfully demoted thread 2278 of process 2247 (n/a).
Mar 27 07:17:11 SISOP rtkit-daemon[1325]: Successfully demoted thread 2277 of process 2247 (n/a).
Mar 27 07:17:11 SISOP rtkit-daemon[1325]: Successfully demoted thread 2247 of process 2247 (n/a).
Mar 27 07:17:11 SISOP rtkit-daemon[1325]: Demoted 3 threads.
Mar 27 07:17:26 SISOP kernel: [  486.138183] sched: RT throttling activated
Mar 27 07:21:32 SISOP rsyslogd: [origin software="rsyslogd" swVersion="8.16.0" x-pid="708" x-info="http://www.rsyslog.com"] start
Mar 27 07:21:32 SISOP rsyslogd-2222: command 'KLogPermitNonKernelFacility' is currently not permitted - did you already set it via a RainerScript command (v6+ config)? [v8.16.0 try http://www.rsyslog.com/e/2222 ]
Mar 27 07:21:32 SISOP rsyslogd: rsyslogd's groupid changed to 108
Mar 27 07:21:32 SISOP rsyslogd: rsyslogd's userid changed to 104
Mar 27 07:21:32 SISOP rsyslogd-2039: Could not open output pipe '/dev/xconsole':: No such file or directory [v8.16.0 try http://www.rsyslog.com/e/2039 ]
Mar 27 07:21:32 SISOP rsyslogd-2007: action 'action 10' suspended, next retry is Fri Mar 27 07:22:02 2026 [v8.16.0 try http://www.rsyslog.com/e/2007 ]
Mar 27 07:21:32 SISOP systemd-modules-load[219]: Inserted module 'lp'
Mar 27 07:21:32 SISOP systemd[1]: Starting Flush Journal to Persistent Storage...
Mar 27 07:21:32 SISOP systemd[1]: Started Flush Journal to Persistent Storage.
Mar 27 07:21:32 SISOP systemd-modules-load[219]: Inserted module 'ppdev'
Mar 27 07:21:32 SISOP systemd-modules-load[219]: Inserted module 'parport_pc'
Mar 27 07:21:32 SISOP systemd[1]: Started Load Kernel Modules.
Mar 27 07:21:32 SISOP systemd[1]: Mounting FUSE Control File System...
Mar 27 07:21:32 SISOP systemd[1]: Mounting Configuration File System...
Mar 27 07:21:32 SISOP systemd[1]: Starting Apply Kernel Variables...
Mar 27 07:21:32 SISOP systemd[1]: Mounted FUSE Control File System.
Mar 27 07:21:32 SISOP loadkeys[216]: Loading /etc/console-setup/cached.kmap.gz
Mar 27 07:21:32 SISOP systemd[1]: Started Apply Kernel Variables.
Mar 27 07:21:32 SISOP systemd[1]: Started Set console keymap.
Mar 27 07:21:32 SISOP systemd[1]: Mounted Configuration File System.
Mar 27 07:21:32 SISOP systemd[1]: Started udev Kernel Device Manager.
Mar 27 07:21:32 SISOP systemd[1]: Reached target Local File Systems (Pre).
Mar 27 07:21:32 SISOP systemd[1]: Reached target Local File Systems.
Mar 27 07:21:32 SISOP systemd[1]: Starting Clean up any mess left by 0dns-up...
Mar 27 07:21:32 SISOP systemd[1]: Starting Set console font and keymap...
Mar 27 07:21:32 SISOP systemd[1]: Starting Tell Plymouth To Write Out Runtime Data...
Mar 27 07:21:32 SISOP systemd[1]: Starting LSB: AppArmor initialization...
Mar 27 07:21:32 SISOP systemd[1]: Starting Create Volatile Files and Directories...
Mar 27 07:21:32 SISOP systemd-tmpfiles[266]: [/usr/lib/tmpfiles.d/var.conf:14] Duplicate line for path "/var/log", ignoring.
Mar 27 07:21:32 SISOP systemd[1]: Started Tell Plymouth To Write Out Runtime Data.
Mar 27 07:21:32 SISOP systemd[1]: Started udev Coldplug all Devices.
Mar 27 07:21:32 SISOP systemd[1]: Starting Show Plymouth Boot Screen...
Mar 27 07:21:32 SISOP systemd[1]: Started Clean up any mess left by 0dns-up.
Mar 27 07:21:32 SISOP systemd[1]: Starting Nameserver information manager...
Mar 27 07:21:32 SISOP systemd[1]: Started Nameserver information manager.
Mar 27 07:21:32 SISOP systemd[1]: Reached target Network (Pre).
Mar 27 07:21:32 SISOP systemd[1]: Started Show Plymouth Boot Screen.
Mar 27 07:21:32 SISOP systemd[1]: Started Forward Password Requests to Plymouth Directory Watch.
Mar 27 07:21:32 SISOP systemd[1]: Started Create Volatile Files and Directories.
Mar 27 07:21:32 SISOP systemd[1]: Starting Update UTMP about System Boot/Shutdown...
Mar 27 07:21:32 SISOP systemd[1]: Started Update UTMP about System Boot/Shutdown.
Mar 27 07:21:32 SISOP apparmor[261]:  * Starting AppArmor profiles
Mar 27 07:21:32 SISOP systemd[1]: Started Set console font and keymap.
Mar 27 07:21:32 SISOP systemd[1]: Created slice system-getty.slice.
Mar 27 07:21:32 SISOP apparmor[261]: Skipping profile in /etc/apparmor.d/disable: usr.bin.firefox
Mar 27 07:21:32 SISOP mtp-probe: checking bus 2, device 2: "/sys/devices/pci0000:00/0000:00:06.0/usb2/2-1"
Mar 27 07:21:32 SISOP mtp-probe: bus: 2, device: 2 was not an MTP device
Mar 27 07:21:32 SISOP apparmor[261]: Skipping profile in /etc/apparmor.d/disable: usr.sbin.rsyslogd
Mar 27 07:21:32 SISOP apparmor[261]:    ...done.
Mar 27 07:21:32 SISOP systemd[1]: Started LSB: AppArmor initialization.
Mar 27 07:21:32 SISOP systemd[1]: Starting Load AppArmor profiles managed internally by snapd...
Mar 27 07:21:32 SISOP systemd[1]: Starting Raise network interfaces...
Mar 27 07:21:32 SISOP snapd-apparmor[459]: find: '/var/lib/snapd/apparmor/profiles/': No such file or directory
Mar 27 07:21:32 SISOP systemd[1]: Started Load AppArmor profiles managed internally by snapd.
Mar 27 07:21:32 SISOP systemd[1]: Received SIGRTMIN+20 from PID 296 (plymouthd).
Mar 27 07:21:32 SISOP systemd[1]: Listening on Load/Save RF Kill Switch Status /dev/rfkill Watch.
Mar 27 07:21:32 SISOP systemd[1]: Started Raise network interfaces.
Mar 27 07:21:32 SISOP systemd[1]: Reached target Sound Card.
Mar 27 07:21:32 SISOP systemd[1]: Found device VBOX_HARDDISK 5.
Mar 27 07:21:32 SISOP systemd[1]: Activating swap /dev/disk/by-uuid/2933deae-0cae-42a7-aa58-eda1eee3959f...
Mar 27 07:21:32 SISOP systemd[1]: Activated swap /dev/disk/by-uuid/2933deae-0cae-42a7-aa58-eda1eee3959f.
Mar 27 07:21:32 SISOP systemd[1]: Reached target Swap.
Mar 27 07:21:32 SISOP systemd[1]: Reached target System Initialization.
Mar 27 07:21:32 SISOP systemd[1]: Started Daily apt download activities.
Mar 27 07:21:32 SISOP systemd[1]: Started ACPI Events Check.
Mar 27 07:21:32 SISOP systemd[1]: Listening on ACPID Listen Socket.
Mar 27 07:21:32 SISOP systemd[1]: Starting Socket activation for snappy daemon.
Mar 27 07:21:32 SISOP systemd[1]: Started Daily Cleanup of Temporary Directories.
Mar 27 07:21:32 SISOP systemd[1]: Started CUPS Scheduler.
Mar 27 07:21:32 SISOP systemd[1]: Reached target Paths.
Mar 27 07:21:32 SISOP systemd[1]: Listening on CUPS Scheduler.
Mar 27 07:21:32 SISOP systemd[1]: Listening on UUID daemon activation socket.
Mar 27 07:21:32 SISOP systemd[1]: Listening on Avahi mDNS/DNS-SD Stack Activation Socket.
Mar 27 07:21:32 SISOP systemd[1]: Started Daily apt upgrade and clean activities.
Mar 27 07:21:32 SISOP systemd[1]: Started Message of the Day.
Mar 27 07:21:32 SISOP systemd[1]: Reached target Timers.
Mar 27 07:21:32 SISOP systemd[1]: Listening on D-Bus System Message Bus Socket.
Mar 27 07:21:32 SISOP systemd[1]: Listening on Socket activation for snappy daemon.
Mar 27 07:21:32 SISOP systemd[1]: Reached target Sockets.
Mar 27 07:21:32 SISOP systemd[1]: Reached target Basic System.
Mar 27 07:21:32 SISOP systemd[1]: Starting LSB: automatic crash report generation...
Mar 27 07:21:32 SISOP systemd[1]: Starting Permit User Sessions...
Mar 27 07:21:32 SISOP systemd[1]: Starting vboxadd.service...
Mar 27 07:21:32 SISOP systemd[1]: Starting Restore /etc/resolv.conf if the system crashed before the ppp link was shut down...
Mar 27 07:21:32 SISOP systemd[1]: Starting LSB: daemon to balance interrupts for SMP systems...
Mar 27 07:21:32 SISOP systemd[1]: Starting Accounts Service...
Mar 27 07:21:32 SISOP systemd[1]: Starting Login Service...
Mar 27 07:21:32 SISOP systemd[1]: Starting Detect the available GPUs and deal with any system changes...
Mar 27 07:21:32 SISOP systemd[1]: Started D-Bus System Message Bus.
Mar 27 07:21:32 SISOP gpu-manager[670]: /etc/modprobe.d is not a file
Mar 27 07:21:32 SISOP gpu-manager[670]: message repeated 4 times: [ /etc/modprobe.d is not a file]
Mar 27 07:21:32 SISOP dbus[678]: [system] AppArmor D-Bus mediation is enabled
Mar 27 07:21:32 SISOP dbus[678]: [system] Successfully activated service 'org.freedesktop.systemd1'
Mar 27 07:21:32 SISOP gpu-manager[670]: Error: can't open /lib/modules/4.15.0-112-generic/updates/dkms
Mar 27 07:21:32 SISOP systemd[1]: Starting Network Manager...
Mar 27 07:21:32 SISOP systemd[1]: Starting LSB: Set the CPU Frequency Scaling governor to "ondemand"...
Mar 27 07:21:32 SISOP gpu-manager[670]: Error: can't open /lib/modules/4.15.0-112-generic/updates/dkms
Mar 27 07:21:32 SISOP systemd[1]: Started CUPS Scheduler.
Mar 27 07:21:32 SISOP systemd[1]: Starting Thermal Daemon Service...
Mar 27 07:21:32 SISOP anacron[699]: Anacron 2.3 started on 2026-03-27
Mar 27 07:21:32 SISOP systemd[1]: Started Run anacron jobs.
Mar 27 07:21:32 SISOP anacron[699]: Will run job `cron.weekly' in 10 min.
Mar 27 07:21:32 SISOP anacron[699]: Jobs will be executed sequentially
Mar 27 07:21:32 SISOP systemd[1]: Started ACPI event daemon.
Mar 27 07:21:32 SISOP systemd[1]: Starting Save/Restore Sound Card State...
Mar 27 07:21:32 SISOP systemd[1]: Starting Avahi mDNS/DNS-SD Stack...
Mar 27 07:21:32 SISOP systemd[1]: Starting Snap Daemon...
Mar 27 07:21:32 SISOP systemd[1]: Starting System Logging Service...
Mar 27 07:21:32 SISOP systemd[1]: Starting LSB: Record successful boot for GRUB...
Mar 27 07:21:32 SISOP systemd[1]: Starting LSB: Speech Dispatcher...
Mar 27 07:21:32 SISOP avahi-daemon[706]: Found user 'avahi' (UID 111) and group 'avahi' (GID 120).
Mar 27 07:21:32 SISOP avahi-daemon[706]: Successfully dropped root privileges.
Mar 27 07:21:32 SISOP avahi-daemon[706]: avahi-daemon 0.6.32-rc starting up.
Mar 27 07:21:32 SISOP acpid: starting up with netlink and the input layer
Mar 27 07:21:32 SISOP avahi-daemon[706]: Successfully called chroot().
Mar 27 07:21:32 SISOP avahi-daemon[706]: Successfully dropped remaining capabilities.
Mar 27 07:21:32 SISOP avahi-daemon[706]: No service file found in /etc/avahi/services.
Mar 27 07:21:32 SISOP avahi-daemon[706]: Network interface enumeration completed.
Mar 27 07:21:32 SISOP avahi-daemon[706]: Server startup complete. Host name is SISOP.local. Local service cookie is 896947073.
Mar 27 07:21:32 SISOP systemd[1]: Started Regular background program processing daemon.
Mar 27 07:21:32 SISOP acpid: 9 rules loaded
Mar 27 07:21:32 SISOP acpid: waiting for events: event logging is off
Mar 27 07:21:32 SISOP systemd[1]: Started Permit User Sessions.
Mar 27 07:21:32 SISOP systemd[1]: Started Restore /etc/resolv.conf if the system crashed before the ppp link was shut down.
Mar 27 07:21:32 SISOP kernel: [    0.000000] Linux version 4.15.0-112-generic (buildd@lcy01-amd64-021) (gcc version 5.4.0 20160609 (Ubuntu 5.4.0-6ubuntu1~16.04.12)) #113~16.04.1-Ubuntu SMP Fri Jul 10 04:37:08 UTC 2020 (Ubuntu 4.15.0-112.113~16.04.1-generic 4.15.18)
Mar 27 07:21:32 SISOP kernel: [    0.000000] Command line: BOOT_IMAGE=/boot/vmlinuz-4.15.0-112-generic root=UUID=1b1e003a-b1dd-4c97-a712-1982d322ddea ro quiet splash
Mar 27 07:21:32 SISOP kernel: [    0.000000] KERNEL supported cpus:
Mar 27 07:21:32 SISOP kernel: [    0.000000]   Intel GenuineIntel
Mar 27 07:21:32 SISOP kernel: [    0.000000]   AMD AuthenticAMD
Mar 27 07:21:32 SISOP kernel: [    0.000000]   Centaur CentaurHauls
Mar 27 07:21:32 SISOP kernel: [    0.000000] [Firmware Bug]: TSC doesn't count with P0 frequency!
Mar 27 07:21:32 SISOP kernel: [    0.000000] x86/fpu: Supporting XSAVE feature 0x001: 'x87 floating point registers'
Mar 27 07:21:32 SISOP kernel: [    0.000000] x86/fpu: Supporting XSAVE feature 0x002: 'SSE registers'
Mar 27 07:21:32 SISOP kernel: [    0.000000] x86/fpu: Supporting XSAVE feature 0x004: 'AVX registers'
Mar 27 07:21:32 SISOP kernel: [    0.000000] x86/fpu: xstate_offset[2]:  576, xstate_sizes[2]:  256
Mar 27 07:21:32 SISOP kernel: [    0.000000] x86/fpu: Enabled xstate features 0x7, context size is 832 bytes, using 'standard' format.
Mar 27 07:21:32 SISOP kernel: [    0.000000] e820: BIOS-provided physical RAM map:
Mar 27 07:21:32 SISOP kernel: [    0.000000] BIOS-e820: [mem 0x0000000000000000-0x000000000009fbff] usable
Mar 27 07:21:32 SISOP kernel: [    0.000000] BIOS-e820: [mem 0x000000000009fc00-0x000000000009ffff] reserved
Mar 27 07:21:32 SISOP kernel: [    0.000000] BIOS-e820: [mem 0x00000000000f0000-0x00000000000fffff] reserved
Mar 27 07:21:32 SISOP kernel: [    0.000000] BIOS-e820: [mem 0x0000000000100000-0x000000007ffeffff] usable
Mar 27 07:21:32 SISOP kernel: [    0.000000] BIOS-e820: [mem 0x000000007fff0000-0x000000007fffffff] ACPI data
Mar 27 07:21:32 SISOP kernel: [    0.000000] BIOS-e820: [mem 0x00000000fec00000-0x00000000fec00fff] reserved
Mar 27 07:21:32 SISOP kernel: [    0.000000] BIOS-e820: [mem 0x00000000fee00000-0x00000000fee00fff] reserved
Mar 27 07:21:32 SISOP kernel: [    0.000000] BIOS-e820: [mem 0x00000000fffc0000-0x00000000ffffffff] reserved
Mar 27 07:21:32 SISOP kernel: [    0.000000] NX (Execute Disable) protection: active
Mar 27 07:21:32 SISOP kernel: [    0.000000] SMBIOS 2.5 present.
Mar 27 07:21:32 SISOP kernel: [    0.000000] DMI: innotek GmbH VirtualBox/VirtualBox, BIOS VirtualBox 12/01/2006
Mar 27 07:21:32 SISOP kernel: [    0.000000] Hypervisor detected: KVM
Mar 27 07:21:32 SISOP kernel: [    0.000000] e820: update [mem 0x00000000-0x00000fff] usable ==> reserved
Mar 27 07:21:32 SISOP kernel: [    0.000000] e820: remove [mem 0x000a0000-0x000fffff] usable
Mar 27 07:21:32 SISOP kernel: [    0.000000] e820: last_pfn = 0x7fff0 max_arch_pfn = 0x400000000
Mar 27 07:21:32 SISOP kernel: [    0.000000] MTRR default type: uncachable
Mar 27 07:21:32 SISOP kernel: [    0.000000] MTRR fixed ranges enabled:
Mar 27 07:21:32 SISOP kernel: [    0.000000]   00000-9FFFF write-back
Mar 27 07:21:32 SISOP kernel: [    0.000000]   A0000-BFFFF uncachable
Mar 27 07:21:32 SISOP kernel: [    0.000000]   C0000-FFFFF write-protect
Mar 27 07:21:32 SISOP kernel: [    0.000000] MTRR variable ranges enabled:
Mar 27 07:21:32 SISOP kernel: [    0.000000]   0 disabled
Mar 27 07:21:32 SISOP kernel: [    0.000000]   1 disabled
Mar 27 07:21:32 SISOP kernel: [    0.000000]   2 disabled
Mar 27 07:21:32 SISOP kernel: [    0.000000]   3 disabled
Mar 27 07:21:32 SISOP kernel: [    0.000000]   4 disabled
Mar 27 07:21:32 SISOP kernel: [    0.000000]   5 disabled
Mar 27 07:21:32 SISOP kernel: [    0.000000]   6 disabled
Mar 27 07:21:32 SISOP kernel: [    0.000000]   7 disabled
Mar 27 07:21:32 SISOP kernel: [    0.000000] x86/PAT: Configuration [0-7]: WB  WC  UC- UC  WB  WP  UC- WT  
Mar 27 07:21:32 SISOP kernel: [    0.000000] CPU MTRRs all blank - virtualized system.
Mar 27 07:21:32 SISOP kernel: [    0.000000] found SMP MP-table at [mem 0x0009fbf0-0x0009fbff]
Mar 27 07:21:32 SISOP kernel: [    0.000000] Scanning 1 areas for low memory corruption
Mar 27 07:21:32 SISOP kernel: [    0.000000] BRK [0x41193000, 0x41193fff] PGTABLE
Mar 27 07:21:32 SISOP kernel: [    0.000000] BRK [0x41194000, 0x41194fff] PGTABLE
Mar 27 07:21:32 SISOP kernel: [    0.000000] BRK [0x41195000, 0x41195fff] PGTABLE
Mar 27 07:21:32 SISOP kernel: [    0.000000] BRK [0x41196000, 0x41196fff] PGTABLE
Mar 27 07:21:32 SISOP kernel: [    0.000000] BRK [0x41197000, 0x41197fff] PGTABLE
Mar 27 07:21:32 SISOP kernel: [    0.000000] BRK [0x41198000, 0x41198fff] PGTABLE
Mar 27 07:21:32 SISOP kernel: [    0.000000] RAMDISK: [mem 0x31522000-0x34a88fff]
Mar 27 07:21:32 SISOP kernel: [    0.000000] ACPI: Early table checksum verification disabled
Mar 27 07:21:32 SISOP kernel: [    0.000000] ACPI: RSDP 0x00000000000E0000 000024 (v02 VBOX  )
Mar 27 07:21:32 SISOP kernel: [    0.000000] ACPI: XSDT 0x000000007FFF0030 00003C (v01 VBOX   VBOXXSDT 00000001 ASL  00000061)
Mar 27 07:21:32 SISOP kernel: [    0.000000] ACPI: FACP 0x000000007FFF00F0 0000F4 (v04 VBOX   VBOXFACP 00000001 ASL  00000061)
Mar 27 07:21:32 SISOP kernel: [    0.000000] ACPI: DSDT 0x000000007FFF02E0 002353 (v02 VBOX   VBOXBIOS 00000002 VBOX 0002A122)
Mar 27 07:21:32 SISOP kernel: [    0.000000] ACPI: FACS 0x000000007FFF0200 000040
Mar 27 07:21:32 SISOP kernel: [    0.000000] ACPI: FACS 0x000000007FFF0200 000040
Mar 27 07:21:32 SISOP kernel: [    0.000000] ACPI: APIC 0x000000007FFF0240 000054 (v02 VBOX   VBOXAPIC 00000001 ASL  00000061)
Mar 27 07:21:32 SISOP kernel: [    0.000000] ACPI: SSDT 0x000000007FFF02A0 000038 (v01 VBOX   VBOXCPUT 00000002 VBOX 0002A122)
Mar 27 07:21:32 SISOP kernel: [    0.000000] ACPI: Local APIC address 0xfee00000
Mar 27 07:21:32 SISOP kernel: [    0.000000] No NUMA configuration found
Mar 27 07:21:32 SISOP kernel: [    0.000000] Faking a node at [mem 0x0000000000000000-0x000000007ffeffff]
Mar 27 07:21:32 SISOP kernel: [    0.000000] NODE_DATA(0) allocated [mem 0x7ffc5000-0x7ffeffff]
Mar 27 07:21:32 SISOP kernel: [    0.000000] kvm-clock: cpu 0, msr 0:7ff44001, primary cpu clock
Mar 27 07:21:32 SISOP kernel: [    0.000000] kvm-clock: Using msrs 4b564d01 and 4b564d00
Mar 27 07:21:32 SISOP kernel: [    0.000000] kvm-clock: using sched offset of 7451062513 cycles
Mar 27 07:21:32 SISOP kernel: [    0.000000] clocksource: kvm-clock: mask: 0xffffffffffffffff max_cycles: 0x1cd42e4dffb, max_idle_ns: 881590591483 ns
Mar 27 07:21:32 SISOP kernel: [    0.000000] Zone ranges:
Mar 27 07:21:32 SISOP kernel: [    0.000000]   DMA      [mem 0x0000000000001000-0x0000000000ffffff]
Mar 27 07:21:32 SISOP kernel: [    0.000000]   DMA32    [mem 0x0000000001000000-0x000000007ffeffff]
Mar 27 07:21:32 SISOP kernel: [    0.000000]   Normal   empty
Mar 27 07:21:32 SISOP kernel: [    0.000000]   Device   empty
Mar 27 07:21:32 SISOP kernel: [    0.000000] Movable zone start for each node
Mar 27 07:21:32 SISOP kernel: [    0.000000] Early memory node ranges
Mar 27 07:21:32 SISOP kernel: [    0.000000]   node   0: [mem 0x0000000000001000-0x000000000009efff]
Mar 27 07:21:32 SISOP kernel: [    0.000000]   node   0: [mem 0x0000000000100000-0x000000007ffeffff]
Mar 27 07:21:32 SISOP kernel: [    0.000000] Reserved but unavailable: 98 pages
Mar 27 07:21:32 SISOP kernel: [    0.000000] Initmem setup node 0 [mem 0x0000000000001000-0x000000007ffeffff]
Mar 27 07:21:32 SISOP kernel: [    0.000000] On node 0 totalpages: 524174
Mar 27 07:21:32 SISOP kernel: [    0.000000]   DMA zone: 64 pages used for memmap
Mar 27 07:21:32 SISOP kernel: [    0.000000]   DMA zone: 21 pages reserved
Mar 27 07:21:32 SISOP kernel: [    0.000000]   DMA zone: 3998 pages, LIFO batch:0
Mar 27 07:21:32 SISOP kernel: [    0.000000]   DMA32 zone: 8128 pages used for memmap
Mar 27 07:21:32 SISOP kernel: [    0.000000]   DMA32 zone: 520176 pages, LIFO batch:31
Mar 27 07:21:32 SISOP kernel: [    0.000000] ACPI: PM-Timer IO Port: 0x4008
Mar 27 07:21:32 SISOP kernel: [    0.000000] ACPI: Local APIC address 0xfee00000
Mar 27 07:21:32 SISOP kernel: [    0.000000] IOAPIC[0]: apic_id 1, version 32, address 0xfec00000, GSI 0-23
Mar 27 07:21:32 SISOP kernel: [    0.000000] ACPI: INT_SRC_OVR (bus 0 bus_irq 0 global_irq 2 dfl dfl)
Mar 27 07:21:32 SISOP kernel: [    0.000000] ACPI: INT_SRC_OVR (bus 0 bus_irq 9 global_irq 9 low level)
Mar 27 07:21:32 SISOP kernel: [    0.000000] ACPI: IRQ0 used by override.
Mar 27 07:21:32 SISOP kernel: [    0.000000] ACPI: IRQ9 used by override.
Mar 27 07:21:32 SISOP kernel: [    0.000000] Using ACPI (MADT) for SMP configuration information
Mar 27 07:21:32 SISOP kernel: [    0.000000] smpboot: Allowing 1 CPUs, 0 hotplug CPUs
Mar 27 07:21:32 SISOP kernel: [    0.000000] PM: Registered nosave memory: [mem 0x00000000-0x00000fff]
Mar 27 07:21:32 SISOP kernel: [    0.000000] PM: Registered nosave memory: [mem 0x0009f000-0x0009ffff]
Mar 27 07:21:32 SISOP kernel: [    0.000000] PM: Registered nosave memory: [mem 0x000a0000-0x000effff]
Mar 27 07:21:32 SISOP kernel: [    0.000000] PM: Registered nosave memory: [mem 0x000f0000-0x000fffff]
Mar 27 07:21:32 SISOP kernel: [    0.000000] e820: [mem 0x80000000-0xfebfffff] available for PCI devices
Mar 27 07:21:32 SISOP kernel: [    0.000000] Booting paravirtualized kernel on KVM
Mar 27 07:21:32 SISOP kernel: [    0.000000] clocksource: refined-jiffies: mask: 0xffffffff max_cycles: 0xffffffff, max_idle_ns: 7645519600211568 ns
Mar 27 07:21:32 SISOP kernel: [    0.000000] random: get_random_bytes called from start_kernel+0x99/0x51e with crng_init=0
Mar 27 07:21:32 SISOP kernel: [    0.000000] setup_percpu: NR_CPUS:8192 nr_cpumask_bits:1 nr_cpu_ids:1 nr_node_ids:1
Mar 27 07:21:32 SISOP kernel: [    0.000000] percpu: Embedded 45 pages/cpu s147456 r8192 d28672 u2097152
Mar 27 07:21:32 SISOP kernel: [    0.000000] pcpu-alloc: s147456 r8192 d28672 u2097152 alloc=1*2097152
Mar 27 07:21:32 SISOP kernel: [    0.000000] pcpu-alloc: [0] 0 
Mar 27 07:21:32 SISOP kernel: [    0.000000] PV qspinlock hash table entries: 256 (order: 0, 4096 bytes)
Mar 27 07:21:32 SISOP kernel: [    0.000000] Built 1 zonelists, mobility grouping on.  Total pages: 515961
Mar 27 07:21:32 SISOP kernel: [    0.000000] Policy zone: DMA32
Mar 27 07:21:32 SISOP kernel: [    0.000000] Kernel command line: BOOT_IMAGE=/boot/vmlinuz-4.15.0-112-generic root=UUID=1b1e003a-b1dd-4c97-a712-1982d322ddea ro quiet splash
Mar 27 07:21:32 SISOP kernel: [    0.000000] Calgary: detecting Calgary via BIOS EBDA area
Mar 27 07:21:32 SISOP kernel: [    0.000000] Calgary: Unable to locate Rio Grande table in EBDA - bailing!
Mar 27 07:21:32 SISOP kernel: [    0.000000] Memory: 1979948K/2096696K available (12300K kernel code, 2480K rwdata, 4220K rodata, 2432K init, 2720K bss, 116748K reserved, 0K cma-reserved)
Mar 27 07:21:32 SISOP kernel: [    0.000000] SLUB: HWalign=64, Order=0-3, MinObjects=0, CPUs=1, Nodes=1
Mar 27 07:21:32 SISOP kernel: [    0.000000] ftrace: allocating 39359 entries in 154 pages
Mar 27 07:21:32 SISOP kernel: [    0.004000] Hierarchical RCU implementation.
Mar 27 07:21:32 SISOP kernel: [    0.004000] 	RCU restricting CPUs from NR_CPUS=8192 to nr_cpu_ids=1.
Mar 27 07:21:32 SISOP kernel: [    0.004000] 	Tasks RCU enabled.
Mar 27 07:21:32 SISOP kernel: [    0.004000] RCU: Adjusting geometry for rcu_fanout_leaf=16, nr_cpu_ids=1
Mar 27 07:21:32 SISOP kernel: [    0.004000] NR_IRQS: 524544, nr_irqs: 256, preallocated irqs: 16
Mar 27 07:21:32 SISOP kernel: [    0.004000] Console: colour VGA+ 80x25
Mar 27 07:21:32 SISOP kernel: [    0.004000] console [tty0] enabled
Mar 27 07:21:32 SISOP kernel: [    0.004000] ACPI: Core revision 20170831
Mar 27 07:21:32 SISOP kernel: [    0.004000] ACPI: 2 ACPI AML tables successfully acquired and loaded
Mar 27 07:21:32 SISOP kernel: [    0.004000] APIC: Switch to symmetric I/O mode setup
Mar 27 07:21:32 SISOP kernel: [    0.004000] ..TIMER: vector=0x30 apic1=0 pin1=2 apic2=-1 pin2=-1
Mar 27 07:21:32 SISOP kernel: [    0.004014] tsc: Detected 2794.548 MHz processor
Mar 27 07:21:32 SISOP kernel: [    0.004017] Calibrating delay loop (skipped) preset value.. 5589.09 BogoMIPS (lpj=11178192)
Mar 27 07:21:32 SISOP kernel: [    0.004020] pid_max: default: 32768 minimum: 301
Mar 27 07:21:32 SISOP kernel: [    0.004191] Security Framework initialized
Mar 27 07:21:32 SISOP kernel: [    0.004193] Yama: becoming mindful.
Mar 27 07:21:32 SISOP kernel: [    0.004235] AppArmor: AppArmor initialized
Mar 27 07:21:32 SISOP kernel: [    0.014809] Dentry cache hash table entries: 262144 (order: 9, 2097152 bytes)
Mar 27 07:21:32 SISOP kernel: [    0.016000] Inode-cache hash table entries: 131072 (order: 8, 1048576 bytes)
Mar 27 07:21:32 SISOP kernel: [    0.016000] Mount-cache hash table entries: 4096 (order: 3, 32768 bytes)
Mar 27 07:21:32 SISOP kernel: [    0.016000] Mountpoint-cache hash table entries: 4096 (order: 3, 32768 bytes)
Mar 27 07:21:32 SISOP kernel: [    0.017506] CPU0: Hyper-Threading is disabled
Mar 27 07:21:32 SISOP kernel: [    0.017765] Last level iTLB entries: 4KB 1024, 2MB 1024, 4MB 512
Mar 27 07:21:32 SISOP kernel: [    0.017766] Last level dTLB entries: 4KB 2048, 2MB 2048, 4MB 1024, 1GB 0
Mar 27 07:21:32 SISOP kernel: [    0.017768] Spectre V1 : Mitigation: usercopy/swapgs barriers and __user pointer sanitization
Mar 27 07:21:32 SISOP kernel: [    0.017770] Spectre V2 : Spectre mitigation: LFENCE not serializing, switching to generic retpoline
Mar 27 07:21:32 SISOP kernel: [    0.020010] Spectre V2 : Mitigation: Full generic retpoline
Mar 27 07:21:32 SISOP kernel: [    0.020011] Spectre V2 : Spectre v2 / SpectreRSB mitigation: Filling RSB on context switch
Mar 27 07:21:32 SISOP kernel: [    0.024000] Freeing SMP alternatives memory: 36K
Mar 27 07:21:32 SISOP kernel: [    0.136446] smpboot: CPU0: AMD Ryzen 5 7520U with Radeon Graphics (family: 0x17, model: 0xa0, stepping: 0x0)
Mar 27 07:21:32 SISOP kernel: [    0.137110] Performance Events: PMU not available due to virtualization, using software events only.
Mar 27 07:21:32 SISOP kernel: [    0.137526] Hierarchical SRCU implementation.
Mar 27 07:21:32 SISOP kernel: [    0.140000] NMI watchdog: Perf event create on CPU 0 failed with -2
Mar 27 07:21:32 SISOP kernel: [    0.140000] NMI watchdog: Perf NMI watchdog permanently disabled
Mar 27 07:21:32 SISOP kernel: [    0.140000] smp: Bringing up secondary CPUs ...
Mar 27 07:21:32 SISOP kernel: [    0.140000] smp: Brought up 1 node, 1 CPU
Mar 27 07:21:32 SISOP kernel: [    0.140000] smpboot: Max logical packages: 1
Mar 27 07:21:32 SISOP kernel: [    0.140000] smpboot: Total of 1 processors activated (5589.09 BogoMIPS)
Mar 27 07:21:32 SISOP kernel: [    0.140000] devtmpfs: initialized
Mar 27 07:21:32 SISOP kernel: [    0.140000] x86/mm: Memory block size: 128MB
Mar 27 07:21:32 SISOP kernel: [    0.140000] evm: security.selinux
Mar 27 07:21:32 SISOP kernel: [    0.140000] evm: security.SMACK64
Mar 27 07:21:32 SISOP kernel: [    0.140000] evm: security.SMACK64EXEC
Mar 27 07:21:32 SISOP kernel: [    0.140000] evm: security.SMACK64TRANSMUTE
Mar 27 07:21:32 SISOP kernel: [    0.140000] evm: security.SMACK64MMAP
Mar 27 07:21:32 SISOP kernel: [    0.140000] evm: security.apparmor
Mar 27 07:21:32 SISOP kernel: [    0.140000] evm: security.ima
Mar 27 07:21:32 SISOP kernel: [    0.140000] evm: security.capability
Mar 27 07:21:32 SISOP kernel: [    0.140000] clocksource: jiffies: mask: 0xffffffff max_cycles: 0xffffffff, max_idle_ns: 7645041785100000 ns
Mar 27 07:21:32 SISOP kernel: [    0.140000] futex hash table entries: 256 (order: 2, 16384 bytes)
Mar 27 07:21:32 SISOP kernel: [    0.140000] pinctrl core: initialized pinctrl subsystem
Mar 27 07:21:32 SISOP kernel: [    0.140243] RTC time: 10:21:21, date: 03/27/26
Mar 27 07:21:32 SISOP kernel: [    0.140810] NET: Registered protocol family 16
Mar 27 07:21:32 SISOP kernel: [    0.140973] audit: initializing netlink subsys (disabled)
Mar 27 07:21:32 SISOP kernel: [    0.141838] cpuidle: using governor ladder
Mar 27 07:21:32 SISOP kernel: [    0.141839] cpuidle: using governor menu
Mar 27 07:21:32 SISOP kernel: [    0.145688] ACPI: bus type PCI registered
Mar 27 07:21:32 SISOP kernel: [    0.145691] acpiphp: ACPI Hot Plug PCI Controller Driver version: 0.5
Mar 27 07:21:32 SISOP kernel: [    0.146320] PCI: Using configuration type 1 for base access
Mar 27 07:21:32 SISOP kernel: [    0.146321] PCI: Using configuration type 1 for extended access
Mar 27 07:21:32 SISOP kernel: [    0.146357] audit: type=2000 audit(1774606890.542:1): state=initialized audit_enabled=0 res=1
Mar 27 07:21:32 SISOP kernel: [    0.148000] HugeTLB registered 2.00 MiB page size, pre-allocated 0 pages
Mar 27 07:21:32 SISOP kernel: [    0.148000] ACPI: Added _OSI(Module Device)
Mar 27 07:21:32 SISOP kernel: [    0.148000] ACPI: Added _OSI(Processor Device)
Mar 27 07:21:32 SISOP kernel: [    0.148000] ACPI: Added _OSI(3.0 _SCP Extensions)
Mar 27 07:21:32 SISOP kernel: [    0.148000] ACPI: Added _OSI(Processor Aggregator Device)
Mar 27 07:21:32 SISOP kernel: [    0.148000] ACPI: Added _OSI(Linux-Dell-Video)
Mar 27 07:21:32 SISOP kernel: [    0.148000] ACPI: Added _OSI(Linux-Lenovo-NV-HDMI-Audio)
Mar 27 07:21:32 SISOP kernel: [    0.148000] ACPI: Added _OSI(Linux-HPI-Hybrid-Graphics)
Mar 27 07:21:32 SISOP kernel: [    0.149017] ACPI: Executed 1 blocks of module-level executable AML code
Mar 27 07:21:32 SISOP kernel: [    0.154535] ACPI: Interpreter enabled
Mar 27 07:21:32 SISOP kernel: [    0.154544] ACPI: (supports S0 S5)
Mar 27 07:21:32 SISOP kernel: [    0.154546] ACPI: Using IOAPIC for interrupt routing
Mar 27 07:21:32 SISOP kernel: [    0.156227] PCI: Using host bridge windows from ACPI; if necessary, use "pci=nocrs" and report a bug
Mar 27 07:21:32 SISOP kernel: [    0.156515] ACPI: Enabled 2 GPEs in block 00 to 07
Mar 27 07:21:32 SISOP kernel: [    0.173944] ACPI: PCI Root Bridge [PCI0] (domain 0000 [bus 00-ff])
Mar 27 07:21:32 SISOP kernel: [    0.173954] acpi PNP0A03:00: _OSC: OS supports [ExtendedConfig ASPM ClockPM Segments MSI]
Mar 27 07:21:32 SISOP kernel: [    0.176962] acpi PNP0A03:00: _OSC: platform does not support [PCIeCapability]
Mar 27 07:21:32 SISOP kernel: [    0.178307] acpi PNP0A03:00: _OSC: not requesting control; platform does not support [PCIeCapability]
Mar 27 07:21:32 SISOP kernel: [    0.178309] acpi PNP0A03:00: _OSC: OS requested [PCIeHotplug PME AER PCIeCapability]
Mar 27 07:21:32 SISOP kernel: [    0.178310] acpi PNP0A03:00: _OSC: platform willing to grant [PCIeHotplug PME AER]
Mar 27 07:21:32 SISOP kernel: [    0.178311] acpi PNP0A03:00: _OSC failed (AE_SUPPORT); disabling ASPM
Mar 27 07:21:32 SISOP kernel: [    0.180231] PCI host bridge to bus 0000:00
Mar 27 07:21:32 SISOP kernel: [    0.180233] pci_bus 0000:00: root bus resource [io  0x0000-0x0cf7 window]
Mar 27 07:21:32 SISOP kernel: [    0.180234] pci_bus 0000:00: root bus resource [io  0x0d00-0xffff window]
Mar 27 07:21:32 SISOP kernel: [    0.180235] pci_bus 0000:00: root bus resource [mem 0x000a0000-0x000bffff window]
Mar 27 07:21:32 SISOP kernel: [    0.180235] pci_bus 0000:00: root bus resource [mem 0x80000000-0xfdffffff window]
Mar 27 07:21:32 SISOP kernel: [    0.180237] pci_bus 0000:00: root bus resource [bus 00-ff]
Mar 27 07:21:32 SISOP kernel: [    0.180380] pci 0000:00:00.0: [8086:1237] type 00 class 0x060000
Mar 27 07:21:32 SISOP kernel: [    0.184327] pci 0000:00:01.0: [8086:7000] type 00 class 0x060100
Mar 27 07:21:32 SISOP kernel: [    0.188311] pci 0000:00:01.1: [8086:7111] type 00 class 0x01018a
Mar 27 07:21:32 SISOP kernel: [    0.189852] pci 0000:00:01.1: reg 0x20: [io  0xd000-0xd00f]
Mar 27 07:21:32 SISOP kernel: [    0.190741] pci 0000:00:01.1: legacy IDE quirk: reg 0x10: [io  0x01f0-0x01f7]
Mar 27 07:21:32 SISOP kernel: [    0.190743] pci 0000:00:01.1: legacy IDE quirk: reg 0x14: [io  0x03f6]
Mar 27 07:21:32 SISOP kernel: [    0.190744] pci 0000:00:01.1: legacy IDE quirk: reg 0x18: [io  0x0170-0x0177]
Mar 27 07:21:32 SISOP kernel: [    0.190745] pci 0000:00:01.1: legacy IDE quirk: reg 0x1c: [io  0x0376]
Mar 27 07:21:32 SISOP kernel: [    0.192085] pci 0000:00:02.0: [15ad:0405] type 00 class 0x030000
Mar 27 07:21:32 SISOP kernel: [    0.193481] pci 0000:00:02.0: reg 0x10: [io  0xd010-0xd01f]
Mar 27 07:21:32 SISOP kernel: [    0.194485] pci 0000:00:02.0: reg 0x14: [mem 0xe0000000-0xe0ffffff pref]
Mar 27 07:21:32 SISOP kernel: [    0.196018] pci 0000:00:02.0: reg 0x18: [mem 0xf0000000-0xf01fffff]
Mar 27 07:21:32 SISOP kernel: [    0.201718] pci 0000:00:03.0: [8086:100e] type 00 class 0x020000
Mar 27 07:21:32 SISOP kernel: [    0.202512] pci 0000:00:03.0: reg 0x10: [mem 0xf0200000-0xf021ffff]
Mar 27 07:21:32 SISOP kernel: [    0.203174] pci 0000:00:03.0: reg 0x18: [io  0xd020-0xd027]
Mar 27 07:21:32 SISOP kernel: [    0.206529] pci 0000:00:04.0: [80ee:cafe] type 00 class 0x088000
Mar 27 07:21:32 SISOP kernel: [    0.207572] pci 0000:00:04.0: reg 0x10: [io  0xd040-0xd05f]
Mar 27 07:21:32 SISOP kernel: [    0.208473] pci 0000:00:04.0: reg 0x14: [mem 0xf0400000-0xf07fffff]
Mar 27 07:21:32 SISOP kernel: [    0.209218] pci 0000:00:04.0: reg 0x18: [mem 0xf0800000-0xf0803fff pref]
Mar 27 07:21:32 SISOP kernel: [    0.212801] pci 0000:00:05.0: [8086:2415] type 00 class 0x040100
Mar 27 07:21:32 SISOP kernel: [    0.213297] pci 0000:00:05.0: reg 0x10: [io  0xd100-0xd1ff]
Mar 27 07:21:32 SISOP kernel: [    0.213529] pci 0000:00:05.0: reg 0x14: [io  0xd200-0xd23f]
Mar 27 07:21:32 SISOP kernel: [    0.215690] pci 0000:00:06.0: [106b:003f] type 00 class 0x0c0310
Mar 27 07:21:32 SISOP kernel: [    0.216427] pci 0000:00:06.0: reg 0x10: [mem 0xf0804000-0xf0804fff]
Mar 27 07:21:32 SISOP kernel: [    0.219152] pci 0000:00:07.0: [8086:7113] type 00 class 0x068000
Mar 27 07:21:32 SISOP kernel: [    0.221440] pci 0000:00:07.0: quirk: [io  0x4000-0x403f] claimed by PIIX4 ACPI
Mar 27 07:21:32 SISOP kernel: [    0.221477] pci 0000:00:07.0: quirk: [io  0x4100-0x410f] claimed by PIIX4 SMB
Mar 27 07:21:32 SISOP kernel: [    0.223262] pci 0000:00:0b.0: [8086:265c] type 00 class 0x0c0320
Mar 27 07:21:32 SISOP kernel: [    0.224135] pci 0000:00:0b.0: reg 0x10: [mem 0xf0805000-0xf0805fff]
Mar 27 07:21:32 SISOP kernel: [    0.227321] pci 0000:00:0d.0: [8086:2829] type 00 class 0x010601
Mar 27 07:21:32 SISOP kernel: [    0.228118] pci 0000:00:0d.0: reg 0x10: [io  0xd240-0xd247]
Mar 27 07:21:32 SISOP kernel: [    0.228391] pci 0000:00:0d.0: reg 0x14: [io  0xd248-0xd24b]
Mar 27 07:21:32 SISOP kernel: [    0.228645] pci 0000:00:0d.0: reg 0x18: [io  0xd250-0xd257]
Mar 27 07:21:32 SISOP kernel: [    0.228912] pci 0000:00:0d.0: reg 0x1c: [io  0xd258-0xd25b]
Mar 27 07:21:32 SISOP kernel: [    0.229175] pci 0000:00:0d.0: reg 0x20: [io  0xd260-0xd26f]
Mar 27 07:21:32 SISOP kernel: [    0.229435] pci 0000:00:0d.0: reg 0x24: [mem 0xf0806000-0xf0807fff]
Mar 27 07:21:32 SISOP kernel: [    0.235043] ACPI: PCI Interrupt Link [LNKA] (IRQs 5 9 10 *11)
Mar 27 07:21:32 SISOP kernel: [    0.236613] ACPI: PCI Interrupt Link [LNKB] (IRQs 5 9 *10 11)
Mar 27 07:21:32 SISOP kernel: [    0.236864] ACPI: PCI Interrupt Link [LNKC] (IRQs 5 *9 10 11)
Mar 27 07:21:32 SISOP kernel: [    0.237109] ACPI: PCI Interrupt Link [LNKD] (IRQs 5 9 10 *11)
Mar 27 07:21:32 SISOP kernel: [    0.238143] SCSI subsystem initialized
Mar 27 07:21:32 SISOP kernel: [    0.238419] libata version 3.00 loaded.
Mar 27 07:21:32 SISOP kernel: [    0.238622] pci 0000:00:02.0: vgaarb: setting as boot VGA device
Mar 27 07:21:32 SISOP kernel: [    0.238625] pci 0000:00:02.0: vgaarb: VGA device added: decodes=io+mem,owns=io+mem,locks=none
Mar 27 07:21:32 SISOP kernel: [    0.238628] pci 0000:00:02.0: vgaarb: bridge control possible
Mar 27 07:21:32 SISOP kernel: [    0.238630] vgaarb: loaded
Mar 27 07:21:32 SISOP kernel: [    0.238718] ACPI: bus type USB registered
Mar 27 07:21:32 SISOP kernel: [    0.238825] usbcore: registered new interface driver usbfs
Mar 27 07:21:32 SISOP kernel: [    0.238830] usbcore: registered new interface driver hub
Mar 27 07:21:32 SISOP kernel: [    0.238841] usbcore: registered new device driver usb
Mar 27 07:21:32 SISOP kernel: [    0.239091] EDAC MC: Ver: 3.0.0
Mar 27 07:21:32 SISOP kernel: [    0.241011] PCI: Using ACPI for IRQ routing
Mar 27 07:21:32 SISOP kernel: [    0.241014] PCI: pci_cache_line_size set to 64 bytes
Mar 27 07:21:32 SISOP kernel: [    0.241949] e820: reserve RAM buffer [mem 0x0009fc00-0x0009ffff]
Mar 27 07:21:32 SISOP kernel: [    0.241954] e820: reserve RAM buffer [mem 0x7fff0000-0x7fffffff]
Mar 27 07:21:32 SISOP kernel: [    0.242311] NetLabel: Initializing
Mar 27 07:21:32 SISOP kernel: [    0.242312] NetLabel:  domain hash size = 128
Mar 27 07:21:32 SISOP kernel: [    0.242312] NetLabel:  protocols = UNLABELED CIPSOv4 CALIPSO
Mar 27 07:21:32 SISOP kernel: [    0.242584] NetLabel:  unlabeled traffic allowed by default
Mar 27 07:21:32 SISOP kernel: [    0.243530] clocksource: Switched to clocksource kvm-clock
Mar 27 07:21:32 SISOP kernel: [    0.305361] VFS: Disk quotas dquot_6.6.0
Mar 27 07:21:32 SISOP kernel: [    0.305361] VFS: Dquot-cache hash table entries: 512 (order 0, 4096 bytes)
Mar 27 07:21:32 SISOP kernel: [    0.305361] AppArmor: AppArmor Filesystem Enabled
Mar 27 07:21:32 SISOP kernel: [    0.305361] pnp: PnP ACPI init
Mar 27 07:21:32 SISOP kernel: [    0.305361] pnp 00:00: Plug and Play ACPI device, IDs PNP0303 (active)
Mar 27 07:21:32 SISOP kernel: [    0.308236] pnp 00:01: Plug and Play ACPI device, IDs PNP0f03 (active)
Mar 27 07:21:32 SISOP kernel: [    0.310329] pnp: PnP ACPI: found 2 devices
Mar 27 07:21:32 SISOP kernel: [    0.320651] clocksource: acpi_pm: mask: 0xffffff max_cycles: 0xffffff, max_idle_ns: 2085701024 ns
Mar 27 07:21:32 SISOP kernel: [    0.320718] pci_bus 0000:00: resource 4 [io  0x0000-0x0cf7 window]
Mar 27 07:21:32 SISOP kernel: [    0.320719] pci_bus 0000:00: resource 5 [io  0x0d00-0xffff window]
Mar 27 07:21:32 SISOP kernel: [    0.320721] pci_bus 0000:00: resource 6 [mem 0x000a0000-0x000bffff window]
Mar 27 07:21:32 SISOP kernel: [    0.320722] pci_bus 0000:00: resource 7 [mem 0x80000000-0xfdffffff window]
Mar 27 07:21:32 SISOP kernel: [    0.320880] NET: Registered protocol family 2
Mar 27 07:21:32 SISOP kernel: [    0.322013] TCP established hash table entries: 16384 (order: 5, 131072 bytes)
Mar 27 07:21:32 SISOP kernel: [    0.322780] TCP bind hash table entries: 16384 (order: 6, 262144 bytes)
Mar 27 07:21:32 SISOP kernel: [    0.324159] TCP: Hash tables configured (established 16384 bind 16384)
Mar 27 07:21:32 SISOP kernel: [    0.324565] UDP hash table entries: 1024 (order: 3, 32768 bytes)
Mar 27 07:21:32 SISOP kernel: [    0.324565] UDP-Lite hash table entries: 1024 (order: 3, 32768 bytes)
Mar 27 07:21:32 SISOP kernel: [    0.324565] NET: Registered protocol family 1
Mar 27 07:21:32 SISOP kernel: [    0.324565] pci 0000:00:00.0: Limiting direct PCI/PCI transfers
Mar 27 07:21:32 SISOP kernel: [    0.325793] pci 0000:00:01.0: Activating ISA DMA hang workarounds
Mar 27 07:21:32 SISOP kernel: [    0.326007] pci 0000:00:02.0: Video device with shadowed ROM at [mem 0x000c0000-0x000dffff]
Mar 27 07:21:32 SISOP kernel: [    0.332496] PCI: CLS 0 bytes, default 64
Mar 27 07:21:32 SISOP kernel: [    0.332548] Unpacking initramfs...
Mar 27 07:21:32 SISOP kernel: [    2.236686] Freeing initrd memory: 54684K
Mar 27 07:21:32 SISOP kernel: [    2.236686] clocksource: tsc: mask: 0xffffffffffffffff max_cycles: 0x28482270c09, max_idle_ns: 440795325500 ns
Mar 27 07:21:32 SISOP kernel: [    2.236686] platform rtc_cmos: registered platform RTC device (no PNP device found)
Mar 27 07:21:32 SISOP kernel: [    2.236686] Scanning for low memory corruption every 60 seconds
Mar 27 07:21:32 SISOP kernel: [    2.236686] Initialise system trusted keyrings
Mar 27 07:21:32 SISOP kernel: [    2.236686] Key type blacklist registered
Mar 27 07:21:32 SISOP kernel: [    2.236686] workingset: timestamp_bits=36 max_order=19 bucket_order=0
Mar 27 07:21:32 SISOP kernel: [    2.236686] zbud: loaded
Mar 27 07:21:32 SISOP kernel: [    2.244928] squashfs: version 4.0 (2009/01/31) Phillip Lougher
Mar 27 07:21:32 SISOP kernel: [    2.245412] fuse init (API version 7.26)
Mar 27 07:21:32 SISOP kernel: [    2.248059] Key type asymmetric registered
Mar 27 07:21:32 SISOP kernel: [    2.248059] Asymmetric key parser 'x509' registered
Mar 27 07:21:32 SISOP kernel: [    2.248059] Block layer SCSI generic (bsg) driver version 0.4 loaded (major 246)
Mar 27 07:21:32 SISOP kernel: [    2.248059] io scheduler noop registered
Mar 27 07:21:32 SISOP kernel: [    2.248059] io scheduler deadline registered
Mar 27 07:21:32 SISOP kernel: [    2.248059] io scheduler cfq registered (default)
Mar 27 07:21:32 SISOP kernel: [    2.249562] ACPI: AC Adapter [AC] (on-line)
Mar 27 07:21:32 SISOP kernel: [    2.249740] input: Power Button as /devices/LNXSYSTM:00/LNXPWRBN:00/input/input0
Mar 27 07:21:32 SISOP kernel: [    2.249759] ACPI: Power Button [PWRF]
Mar 27 07:21:32 SISOP kernel: [    2.250074] input: Sleep Button as /devices/LNXSYSTM:00/LNXSLPBN:00/input/input1
Mar 27 07:21:32 SISOP kernel: [    2.250107] ACPI: Sleep Button [SLPF]
Mar 27 07:21:32 SISOP kernel: [    2.252399] Serial: 8250/16550 driver, 32 ports, IRQ sharing enabled
Mar 27 07:21:32 SISOP kernel: [    2.254427] ACPI: Battery Slot [BAT0] (battery present)
Mar 27 07:21:32 SISOP kernel: [    2.256237] Linux agpgart interface v0.103
Mar 27 07:21:32 SISOP kernel: [    2.264468] loop: module loaded
Mar 27 07:21:32 SISOP kernel: [    2.264623] ata_piix 0000:00:01.1: version 2.13
Mar 27 07:21:32 SISOP kernel: [    2.266028] scsi host0: ata_piix
Mar 27 07:21:32 SISOP kernel: [    2.266073] scsi host1: ata_piix
Mar 27 07:21:32 SISOP kernel: [    2.266088] ata1: PATA max UDMA/33 cmd 0x1f0 ctl 0x3f6 bmdma 0xd000 irq 14
Mar 27 07:21:32 SISOP kernel: [    2.266088] ata2: PATA max UDMA/33 cmd 0x170 ctl 0x376 bmdma 0xd008 irq 15
Mar 27 07:21:32 SISOP kernel: [    2.266161] libphy: Fixed MDIO Bus: probed
Mar 27 07:21:32 SISOP kernel: [    2.266162] tun: Universal TUN/TAP device driver, 1.6
Mar 27 07:21:32 SISOP kernel: [    2.267339] PPP generic driver version 2.4.2
Mar 27 07:21:32 SISOP kernel: [    2.267420] ehci_hcd: USB 2.0 'Enhanced' Host Controller (EHCI) Driver
Mar 27 07:21:32 SISOP kernel: [    2.267424] ehci-pci: EHCI PCI platform driver
Mar 27 07:21:32 SISOP kernel: [    2.269330] ehci-pci 0000:00:0b.0: EHCI Host Controller
Mar 27 07:21:32 SISOP kernel: [    2.269342] ehci-pci 0000:00:0b.0: new USB bus registered, assigned bus number 1
Mar 27 07:21:32 SISOP kernel: [    2.270662] ehci-pci 0000:00:0b.0: irq 19, io mem 0xf0805000
Mar 27 07:21:32 SISOP kernel: [    2.284487] ehci-pci 0000:00:0b.0: USB 2.0 started, EHCI 1.00
Mar 27 07:21:32 SISOP kernel: [    2.284646] usb usb1: New USB device found, idVendor=1d6b, idProduct=0002
Mar 27 07:21:32 SISOP kernel: [    2.284647] usb usb1: New USB device strings: Mfr=3, Product=2, SerialNumber=1
Mar 27 07:21:32 SISOP kernel: [    2.284648] usb usb1: Product: EHCI Host Controller
Mar 27 07:21:32 SISOP kernel: [    2.284649] usb usb1: Manufacturer: Linux 4.15.0-112-generic ehci_hcd
Mar 27 07:21:32 SISOP kernel: [    2.284649] usb usb1: SerialNumber: 0000:00:0b.0
Mar 27 07:21:32 SISOP kernel: [    2.284737] hub 1-0:1.0: USB hub found
Mar 27 07:21:32 SISOP kernel: [    2.284741] hub 1-0:1.0: 12 ports detected
Mar 27 07:21:32 SISOP kernel: [    2.285475] ehci-platform: EHCI generic platform driver
Mar 27 07:21:32 SISOP kernel: [    2.285492] ohci_hcd: USB 1.1 'Open' Host Controller (OHCI) Driver
Mar 27 07:21:32 SISOP kernel: [    2.285497] ohci-pci: OHCI PCI platform driver
Mar 27 07:21:32 SISOP kernel: [    2.287031] ohci-pci 0000:00:06.0: OHCI PCI host controller
Mar 27 07:21:32 SISOP kernel: [    2.287044] ohci-pci 0000:00:06.0: new USB bus registered, assigned bus number 2
Mar 27 07:21:32 SISOP kernel: [    2.287949] ohci-pci 0000:00:06.0: irq 22, io mem 0xf0804000
Mar 27 07:21:32 SISOP kernel: [    2.350317] usb usb2: New USB device found, idVendor=1d6b, idProduct=0001
Mar 27 07:21:32 SISOP kernel: [    2.350319] usb usb2: New USB device strings: Mfr=3, Product=2, SerialNumber=1
Mar 27 07:21:32 SISOP kernel: [    2.350321] usb usb2: Product: OHCI PCI host controller
Mar 27 07:21:32 SISOP kernel: [    2.350321] usb usb2: Manufacturer: Linux 4.15.0-112-generic ohci_hcd
Mar 27 07:21:32 SISOP kernel: [    2.350322] usb usb2: SerialNumber: 0000:00:06.0
Mar 27 07:21:32 SISOP kernel: [    2.350448] hub 2-0:1.0: USB hub found
Mar 27 07:21:32 SISOP kernel: [    2.350538] hub 2-0:1.0: 12 ports detected
Mar 27 07:21:32 SISOP kernel: [    2.351910] ohci-platform: OHCI generic platform driver
Mar 27 07:21:32 SISOP kernel: [    2.351930] uhci_hcd: USB Universal Host Controller Interface driver
Mar 27 07:21:32 SISOP kernel: [    2.352000] i8042: PNP: PS/2 Controller [PNP0303:PS2K,PNP0f03:PS2M] at 0x60,0x64 irq 1,12
Mar 27 07:21:32 SISOP kernel: [    2.356003] serio: i8042 KBD port at 0x60,0x64 irq 1
Mar 27 07:21:32 SISOP kernel: [    2.356282] serio: i8042 AUX port at 0x60,0x64 irq 12
Mar 27 07:21:32 SISOP kernel: [    2.356361] mousedev: PS/2 mouse device common for all mice
Mar 27 07:21:32 SISOP kernel: [    2.358069] input: AT Translated Set 2 keyboard as /devices/platform/i8042/serio0/input/input2
Mar 27 07:21:32 SISOP kernel: [    2.360376] rtc_cmos rtc_cmos: rtc core: registered rtc_cmos as rtc0
Mar 27 07:21:32 SISOP kernel: [    2.360978] rtc_cmos rtc_cmos: alarms up to one day, 114 bytes nvram
Mar 27 07:21:32 SISOP kernel: [    2.360995] i2c /dev entries driver
Mar 27 07:21:32 SISOP kernel: [    2.361071] device-mapper: uevent: version 1.0.3
Mar 27 07:21:32 SISOP kernel: [    2.361149] device-mapper: ioctl: 4.37.0-ioctl (2017-09-20) initialised: dm-devel@redhat.com
Mar 27 07:21:32 SISOP kernel: [    2.361161] ledtrig-cpu: registered to indicate activity on CPUs
Mar 27 07:21:32 SISOP kernel: [    2.361439] NET: Registered protocol family 10
Mar 27 07:21:32 SISOP kernel: [    2.367070] Segment Routing with IPv6
Mar 27 07:21:32 SISOP kernel: [    2.367098] NET: Registered protocol family 17
Mar 27 07:21:32 SISOP kernel: [    2.367159] Key type dns_resolver registered
Mar 27 07:21:32 SISOP kernel: [    2.367273] mce: Using 0 MCE banks
Mar 27 07:21:32 SISOP kernel: [    2.367285] RAS: Correctable Errors collector initialized.
Mar 27 07:21:32 SISOP kernel: [    2.367388] sched_clock: Marking stable (2364478965, 0)->(2535248154, -170769189)
Mar 27 07:21:32 SISOP kernel: [    2.367599] registered taskstats version 1
Mar 27 07:21:32 SISOP kernel: [    2.367609] Loading compiled-in X.509 certificates
Mar 27 07:21:32 SISOP kernel: [    2.371234] Loaded X.509 cert 'Build time autogenerated kernel key: 0369c56c7146cf506bb25ad446f2635f298f8fa6'
Mar 27 07:21:32 SISOP kernel: [    2.371274] zswap: loaded using pool lzo/zbud
Mar 27 07:21:32 SISOP kernel: [    2.377343] Key type big_key registered
Mar 27 07:21:32 SISOP kernel: [    2.377346] Key type trusted registered
Mar 27 07:21:32 SISOP kernel: [    2.379368] Key type encrypted registered
Mar 27 07:21:32 SISOP kernel: [    2.379372] AppArmor: AppArmor sha1 policy hashing enabled
Mar 27 07:21:32 SISOP kernel: [    2.379374] ima: No TPM chip found, activating TPM-bypass! (rc=-19)
Mar 27 07:21:32 SISOP kernel: [    2.379415] ima: Allocated hash algorithm: sha1
Mar 27 07:21:32 SISOP kernel: [    2.379427] evm: HMAC attrs: 0x1
Mar 27 07:21:32 SISOP kernel: [    2.381010]   Magic number: 2:892:376
Mar 27 07:21:32 SISOP kernel: [    2.381504] rtc_cmos rtc_cmos: setting system clock to 2026-03-27 10:21:24 UTC (1774606884)
Mar 27 07:21:32 SISOP kernel: [    2.381614] BIOS EDD facility v0.16 2004-Jun-25, 0 devices found
Mar 27 07:21:32 SISOP kernel: [    2.381615] EDD information not available.
Mar 27 07:21:32 SISOP kernel: [    2.425772] ata1.00: ATAPI: VBOX CD-ROM, 1.0, max UDMA/133
Mar 27 07:21:32 SISOP kernel: [    2.427454] ata1.00: configured for UDMA/33
Mar 27 07:21:32 SISOP kernel: [    2.429706] scsi 0:0:0:0: CD-ROM            VBOX     CD-ROM           1.0  PQ: 0 ANSI: 5
Mar 27 07:21:32 SISOP kernel: [    2.465677] sr 0:0:0:0: [sr0] scsi3-mmc drive: 32x/32x xa/form2 tray
Mar 27 07:21:32 SISOP kernel: [    2.465679] cdrom: Uniform CD-ROM driver Revision: 3.20
Mar 27 07:21:32 SISOP kernel: [    2.465784] sr 0:0:0:0: Attached scsi CD-ROM sr0
Mar 27 07:21:32 SISOP kernel: [    2.466127] sr 0:0:0:0: Attached scsi generic sg0 type 5
Mar 27 07:21:32 SISOP kernel: [    2.468023] Freeing unused kernel image memory: 2432K
Mar 27 07:21:32 SISOP kernel: [    2.476215] Write protecting the kernel read-only data: 20480k
Mar 27 07:21:32 SISOP kernel: [    2.476900] Freeing unused kernel image memory: 2008K
Mar 27 07:21:32 SISOP kernel: [    2.477449] Freeing unused kernel image memory: 1924K
Mar 27 07:21:32 SISOP kernel: [    2.483003] x86/mm: Checked W+X mappings: passed, no W+X pages found.
Mar 27 07:21:32 SISOP kernel: [    2.498754] random: systemd-udevd: uninitialized urandom read (16 bytes read)
Mar 27 07:21:32 SISOP kernel: [    2.498854] random: systemd-udevd: uninitialized urandom read (16 bytes read)
Mar 27 07:21:32 SISOP kernel: [    2.498879] random: systemd-udevd: uninitialized urandom read (16 bytes read)
Mar 27 07:21:32 SISOP kernel: [    2.602038] ACPI: Video Device [GFX0] (multi-head: yes  rom: no  post: no)
Mar 27 07:21:32 SISOP kernel: [    2.602099] input: Video Bus as /devices/LNXSYSTM:00/LNXSYBUS:00/PNP0A03:00/LNXVIDEO:00/input/input4
Mar 27 07:21:32 SISOP kernel: [    2.627641] e1000: Intel(R) PRO/1000 Network Driver - version 7.3.21-k8-NAPI
Mar 27 07:21:32 SISOP kernel: [    2.627642] e1000: Copyright (c) 1999-2006 Intel Corporation.
Mar 27 07:21:32 SISOP kernel: [    2.828545] usb 2-1: new full-speed USB device number 2 using ohci-pci
Mar 27 07:21:32 SISOP kernel: [    2.938780] input: ImExPS/2 Generic Explorer Mouse as /devices/platform/i8042/serio1/input/input5
Mar 27 07:21:32 SISOP kernel: [    3.176089] random: fast init done
Mar 27 07:21:32 SISOP kernel: [    3.190030] usb 2-1: New USB device found, idVendor=80ee, idProduct=0021
Mar 27 07:21:32 SISOP kernel: [    3.190032] usb 2-1: New USB device strings: Mfr=1, Product=3, SerialNumber=0
Mar 27 07:21:32 SISOP kernel: [    3.190033] usb 2-1: Product: USB Tablet
Mar 27 07:21:32 SISOP kernel: [    3.190034] usb 2-1: Manufacturer: VirtualBox
Mar 27 07:21:32 SISOP kernel: [    3.203226] hidraw: raw HID events driver (C) Jiri Kosina
Mar 27 07:21:32 SISOP kernel: [    3.225163] usbcore: registered new interface driver usbhid
Mar 27 07:21:32 SISOP kernel: [    3.225164] usbhid: USB HID core driver
Mar 27 07:21:32 SISOP kernel: [    3.226540] input: VirtualBox USB Tablet as /devices/pci0000:00/0000:00:06.0/usb2/2-1/2-1:1.0/0003:80EE:0021.0001/input/input6
Mar 27 07:21:32 SISOP kernel: [    3.226807] hid-generic 0003:80EE:0021.0001: input,hidraw0: USB HID v1.10 Mouse [VirtualBox USB Tablet] on usb-0000:00:06.0-1/input0
Mar 27 07:21:32 SISOP kernel: [    3.458523] e1000 0000:00:03.0 eth0: (PCI:33MHz:32-bit) 08:00:27:8c:fb:73
Mar 27 07:21:32 SISOP kernel: [    3.458527] e1000 0000:00:03.0 eth0: Intel(R) PRO/1000 Network Connection
Mar 27 07:21:32 SISOP kernel: [    3.458587] ahci 0000:00:0d.0: version 3.0
Mar 27 07:21:32 SISOP kernel: [    3.459933] ahci 0000:00:0d.0: SSS flag set, parallel bus scan disabled
Mar 27 07:21:32 SISOP kernel: [    3.460989] ahci 0000:00:0d.0: AHCI 0001.0100 32 slots 1 ports 3 Gbps 0x1 impl SATA mode
Mar 27 07:21:32 SISOP kernel: [    3.460991] ahci 0000:00:0d.0: flags: 64bit ncq stag only ccc 
Mar 27 07:21:32 SISOP kernel: [    3.463278] e1000 0000:00:03.0 enp0s3: renamed from eth0
Mar 27 07:21:32 SISOP kernel: [    3.464871] scsi host2: ahci
Mar 27 07:21:32 SISOP kernel: [    3.465317] ata3: SATA max UDMA/133 abar m8192@0xf0806000 port 0xf0806100 irq 21
Mar 27 07:21:32 SISOP kernel: [    3.467242] [drm] DMA map mode: Using physical TTM page addresses.
Mar 27 07:21:32 SISOP kernel: [    3.467977] [drm] Capabilities:
Mar 27 07:21:32 SISOP kernel: [    3.467977] [drm]   Rect copy.
Mar 27 07:21:32 SISOP kernel: [    3.467978] [drm]   Cursor.
Mar 27 07:21:32 SISOP kernel: [    3.467978] [drm]   Cursor bypass.
Mar 27 07:21:32 SISOP kernel: [    3.467978] [drm]   Cursor bypass 2.
Mar 27 07:21:32 SISOP kernel: [    3.467978] [drm]   Alpha cursor.
Mar 27 07:21:32 SISOP kernel: [    3.467979] [drm]   Extended Fifo.
Mar 27 07:21:32 SISOP kernel: [    3.467979] [drm]   Pitchlock.
Mar 27 07:21:32 SISOP kernel: [    3.467979] [drm]   Irq mask.
Mar 27 07:21:32 SISOP kernel: [    3.467979] [drm]   GMR.
Mar 27 07:21:32 SISOP kernel: [    3.467980] [drm]   Traces.
Mar 27 07:21:32 SISOP kernel: [    3.467980] [drm]   GMR2.
Mar 27 07:21:32 SISOP kernel: [    3.467980] [drm]   Screen Object 2.
Mar 27 07:21:32 SISOP kernel: [    3.467980] [drm]   Command Buffers.
Mar 27 07:21:32 SISOP systemd[1]: Started System Logging Service.
Mar 27 07:21:32 SISOP kernel: [    3.467981] [drm]   Command Buffers 2.
Mar 27 07:21:32 SISOP kernel: [    3.467981] [drm]   Guest Backed Resources.
Mar 27 07:21:32 SISOP kernel: [    3.467982] [drm] Max GMR ids is 8192
Mar 27 07:21:32 SISOP kernel: [    3.467983] [drm] Max number of GMR pages is 1048576
Mar 27 07:21:32 SISOP kernel: [    3.467983] [drm] Max dedicated hypervisor surface memory is 507904 kiB
Mar 27 07:21:32 SISOP kernel: [    3.467983] [drm] Maximum display memory size is 16384 kiB
Mar 27 07:21:32 SISOP kernel: [    3.467984] [drm] VRAM at 0xe0000000 size is 16384 kiB
Mar 27 07:21:32 SISOP kernel: [    3.467984] [drm] MMIO at 0xf0000000 size is 2048 kiB
Mar 27 07:21:32 SISOP kernel: [    3.467986] [drm] global init.
Mar 27 07:21:32 SISOP kernel: [    3.468679] [TTM] Zone  kernel: Available graphics memory: 1020516 kiB
Mar 27 07:21:32 SISOP kernel: [    3.468680] [TTM] Initializing pool allocator
Mar 27 07:21:32 SISOP kernel: [    3.468683] [TTM] Initializing DMA pool allocator
Mar 27 07:21:32 SISOP kernel: [    3.469327] [drm] Supports vblank timestamp caching Rev 2 (21.10.2013).
Mar 27 07:21:32 SISOP kernel: [    3.469327] [drm] No driver support for vblank timestamp query.
Mar 27 07:21:32 SISOP kernel: [    3.471752] [drm] Screen Target Display device initialized
Mar 27 07:21:32 SISOP kernel: [    3.471833] [drm] width 720
Mar 27 07:21:32 SISOP kernel: [    3.471876] [drm] height 400
Mar 27 07:21:32 SISOP kernel: [    3.471915] [drm] bpp 32
Mar 27 07:21:32 SISOP kernel: [    3.472571] [drm] Fifo max 0x00200000 min 0x00001000 cap 0x00000355
Mar 27 07:21:32 SISOP kernel: [    3.473347] [drm] Using command buffers with DMA pool.
Mar 27 07:21:32 SISOP kernel: [    3.473357] [drm] DX: no.
Mar 27 07:21:32 SISOP kernel: [    3.473357] [drm] Atomic: yes
Mar 27 07:21:32 SISOP kernel: [    3.473445] [drm:vmw_host_log [vmwgfx]] *ERROR* Failed to send log
Mar 27 07:21:32 SISOP kernel: [    3.476353] [drm:vmw_host_log [vmwgfx]] *ERROR* Failed to send log
Mar 27 07:21:32 SISOP kernel: [    3.481182] fbcon: svgadrmfb (fb0) is primary device
Mar 27 07:21:32 SISOP kernel: [    3.483123] Console: switching to colour frame buffer device 100x37
Mar 27 07:21:32 SISOP kernel: [    3.483910] [drm] Initialized vmwgfx 2.14.0 20170612 for 0000:00:02.0 on minor 0
Mar 27 07:21:32 SISOP kernel: [    3.785501] ata3: SATA link up 3.0 Gbps (SStatus 123 SControl 300)
Mar 27 07:21:32 SISOP kernel: [    3.786012] ata3.00: ATA-6: VBOX HARDDISK, 1.0, max UDMA/133
Mar 27 07:21:32 SISOP kernel: [    3.786014] ata3.00: 20722528 sectors, multi 128: LBA48 NCQ (depth 31/32)
Mar 27 07:21:32 SISOP kernel: [    3.786742] ata3.00: configured for UDMA/133
Mar 27 07:21:32 SISOP kernel: [    3.786918] scsi 2:0:0:0: Direct-Access     ATA      VBOX HARDDISK    1.0  PQ: 0 ANSI: 5
Mar 27 07:21:32 SISOP kernel: [    3.787203] sd 2:0:0:0: [sda] 20722528 512-byte logical blocks: (10.6 GB/9.88 GiB)
Mar 27 07:21:32 SISOP kernel: [    3.787210] sd 2:0:0:0: [sda] Write Protect is off
Mar 27 07:21:32 SISOP kernel: [    3.787211] sd 2:0:0:0: [sda] Mode Sense: 00 3a 00 00
Mar 27 07:21:32 SISOP kernel: [    3.787220] sd 2:0:0:0: [sda] Write cache: enabled, read cache: enabled, doesn't support DPO or FUA
Mar 27 07:21:32 SISOP kernel: [    3.787605] sd 2:0:0:0: Attached scsi generic sg1 type 0
Mar 27 07:21:32 SISOP kernel: [    3.790935]  sda: sda1 sda2 < sda5 >
Mar 27 07:21:32 SISOP kernel: [    3.791160] sd 2:0:0:0: [sda] Attached SCSI disk
Mar 27 07:21:32 SISOP kernel: [    4.591201] EXT4-fs (sda1): mounted filesystem with ordered data mode. Opts: (null)
Mar 27 07:21:32 SISOP kernel: [    5.413650] EXT4-fs (sda1): re-mounted. Opts: errors=remount-ro
Mar 27 07:21:32 SISOP kernel: [    5.460964] lp: driver loaded but no devices found
Mar 27 07:21:32 SISOP kernel: [    5.677857] ppdev: user-space parallel port driver
Mar 27 07:21:32 SISOP kernel: [    6.688636] vboxguest: loading out-of-tree module taints kernel.
Mar 27 07:21:32 SISOP kernel: [    6.688809] vboxguest: module verification failed: signature and/or required key missing - tainting kernel
Mar 27 07:21:32 SISOP kernel: [    6.763328] random: crng init done
Mar 27 07:21:32 SISOP kernel: [    6.763332] random: 7 urandom warning(s) missed due to ratelimiting
Mar 27 07:21:32 SISOP kernel: [    6.793260] piix4_smbus 0000:00:07.0: SMBus Host Controller at 0x4100, revision 0
Mar 27 07:21:32 SISOP kernel: [    6.795274] vgdrvHeartbeatInit: Setting up heartbeat to trigger every 2000 milliseconds
Mar 27 07:21:32 SISOP kernel: [    6.840108] Host supports full mouse state reporting, switching to extended mouse integration protocol
Mar 27 07:21:32 SISOP kernel: [    6.891809] input: VirtualBox mouse integration as /devices/pci0000:00/0000:00:04.0/input/input7
Mar 27 07:21:32 SISOP kernel: [    6.905853] vboxguest: Successfully loaded version 7.2.6 r172322
Mar 27 07:21:32 SISOP kernel: [    6.905917] vboxguest: misc device minor 56, IRQ 20, I/O port d040, MMIO at 00000000f0400000 (size 0x400000)
Mar 27 07:21:32 SISOP kernel: [    6.905918] vboxguest: Successfully loaded version 7.2.6 r172322 (interface 0x00010004)
Mar 27 07:21:32 SISOP kernel: [    7.003990] audit: type=1400 audit(1774606889.116:2): apparmor="STATUS" operation="profile_load" profile="unconfined" name="/usr/lib/lightdm/lightdm-guest-session" pid=430 comm="apparmor_parser"
Mar 27 07:21:32 SISOP kernel: [    7.003994] audit: type=1400 audit(1774606889.116:3): apparmor="STATUS" operation="profile_load" profile="unconfined" name="/usr/lib/lightdm/lightdm-guest-session//chromium" pid=430 comm="apparmor_parser"
Mar 27 07:21:32 SISOP kernel: [    7.028736] audit: type=1400 audit(1774606889.140:4): apparmor="STATUS" operation="profile_load" profile="unconfined" name="/sbin/dhclient" pid=432 comm="apparmor_parser"
Mar 27 07:21:32 SISOP kernel: [    7.028739] audit: type=1400 audit(1774606889.140:5): apparmor="STATUS" operation="profile_load" profile="unconfined" name="/usr/lib/NetworkManager/nm-dhcp-client.action" pid=432 comm="apparmor_parser"
Mar 27 07:21:32 SISOP kernel: [    7.028740] audit: type=1400 audit(1774606889.140:6): apparmor="STATUS" operation="profile_load" profile="unconfined" name="/usr/lib/NetworkManager/nm-dhcp-helper" pid=432 comm="apparmor_parser"
Mar 27 07:21:32 SISOP kernel: [    7.028741] audit: type=1400 audit(1774606889.140:7): apparmor="STATUS" operation="profile_load" profile="unconfined" name="/usr/lib/connman/scripts/dhclient-script" pid=432 comm="apparmor_parser"
Mar 27 07:21:32 SISOP kernel: [    7.110431] audit: type=1400 audit(1774606889.224:8): apparmor="STATUS" operation="profile_load" profile="unconfined" name="/usr/bin/evince" pid=433 comm="apparmor_parser"
Mar 27 07:21:32 SISOP kernel: [    7.110435] audit: type=1400 audit(1774606889.224:9): apparmor="STATUS" operation="profile_load" profile="unconfined" name="/usr/bin/evince//sanitized_helper" pid=433 comm="apparmor_parser"
Mar 27 07:21:32 SISOP kernel: [    7.110436] audit: type=1400 audit(1774606889.224:10): apparmor="STATUS" operation="profile_load" profile="unconfined" name="/usr/bin/evince-previewer" pid=433 comm="apparmor_parser"
Mar 27 07:21:32 SISOP kernel: [    7.110438] audit: type=1400 audit(1774606889.224:11): apparmor="STATUS" operation="profile_load" profile="unconfined" name="/usr/bin/evince-previewer//sanitized_helper" pid=433 comm="apparmor_parser"
Mar 27 07:21:32 SISOP kernel: [    7.701101] AVX2 version of gcm_enc/dec engaged.
Mar 27 07:21:32 SISOP kernel: [    7.701103] AES CTR mode by8 optimization enabled
Mar 27 07:21:32 SISOP kernel: [    8.018325] Decoding supported only on Scalable MCA processors.
Mar 27 07:21:32 SISOP kernel: [    8.502748] snd_intel8x0 0000:00:05.0: white list rate for 1028:0177 is 48000
Mar 27 07:21:32 SISOP kernel: [    9.287418] Adding 999420k swap on /dev/sda5.  Priority:-2 extents:1 across:999420k FS
Mar 27 07:21:32 SISOP cron[720]: (CRON) INFO (pidfile fd = 3)
Mar 27 07:21:32 SISOP cron[720]: (CRON) INFO (Running @reboot jobs)
Mar 27 07:21:32 SISOP thermald[697]: NO RAPL sysfs present
Mar 27 07:21:32 SISOP systemd[1]: Started Save/Restore Sound Card State.
Mar 27 07:21:32 SISOP gpu-manager[670]: update-alternatives: error: no alternatives for x86_64-linux-gnu_gfxcore_conf
Mar 27 07:21:32 SISOP thermald[697]: Unsupported cpu model, use thermal-conf.xml file or run with --ignore-cpuid-check
Mar 27 07:21:32 SISOP thermald[697]: THD engine start failed
Mar 27 07:21:32 SISOP systemd[1]: Started Detect the available GPUs and deal with any system changes.
Mar 27 07:21:32 SISOP systemd[1]: Started Thermal Daemon Service.
Mar 27 07:21:32 SISOP irqbalance[660]:  * Starting SMP IRQ Balancer: irqbalance
Mar 27 07:21:32 SISOP apport[656]:  * Starting automatic crash report generation: apport
Mar 27 07:21:32 SISOP /usr/sbin/irqbalance: Balancing is ineffective on systems with a single cpu.  Shutting down
Mar 27 07:21:32 SISOP irqbalance[660]:    ...done.
Mar 27 07:21:32 SISOP systemd[1]: Started LSB: daemon to balance interrupts for SMP systems.
Mar 27 07:21:32 SISOP systemd[1]: Started LSB: Set the CPU Frequency Scaling governor to "ondemand".
Mar 27 07:21:32 SISOP NetworkManager[693]: <info>  [1774606892.5644] NetworkManager (version 1.2.6) is starting...
Mar 27 07:21:32 SISOP NetworkManager[693]: <info>  [1774606892.5674] Read config: /etc/NetworkManager/NetworkManager.conf (etc: default-wifi-powersave-on.conf)
Mar 27 07:21:32 SISOP systemd[1]: Started Avahi mDNS/DNS-SD Stack.
Mar 27 07:21:32 SISOP dbus[678]: [system] Activating via systemd: service name='org.freedesktop.PolicyKit1' unit='polkitd.service'
Mar 27 07:21:32 SISOP NetworkManager[693]: <info>  [1774606892.6146] manager[0xe31200]: monitoring kernel firmware directory '/lib/firmware'.
Mar 27 07:21:32 SISOP systemd[1]: Started Login Service.
Mar 27 07:21:32 SISOP NetworkManager[693]: <info>  [1774606892.6180] monitoring ifupdown state file '/run/network/ifstate'.
Mar 27 07:21:32 SISOP systemd[1]: Starting Authenticate and Authorize Users to Run Privileged Tasks...
Mar 27 07:21:32 SISOP speech-dispatcher[710]:  * speech-dispatcher disabled; edit /etc/default/speech-dispatcher
Mar 27 07:21:32 SISOP systemd[1]: Started Make remote CUPS printers available locally.
Mar 27 07:21:32 SISOP systemd[1]: Started LSB: Speech Dispatcher.
Mar 27 07:21:32 SISOP apport[656]:    ...done.
Mar 27 07:21:32 SISOP systemd[1]: Started LSB: automatic crash report generation.
Mar 27 07:21:32 SISOP NetworkManager[693]: <info>  [1774606892.7639] dns-mgr[0xe2a140]: init: dns=dnsmasq, rc-manager=resolvconf, plugin=dnsmasq
Mar 27 07:21:32 SISOP systemd[1]: Started LSB: Record successful boot for GRUB.
Mar 27 07:21:32 SISOP systemd[1]: Started Network Manager.
Mar 27 07:21:32 SISOP systemd[1]: Starting Network Manager Wait Online...
Mar 27 07:21:32 SISOP systemd[1]: Reached target Network.
Mar 27 07:21:32 SISOP systemd[1]: Started Unattended Upgrades Shutdown.
Mar 27 07:21:32 SISOP polkitd[757]: started daemon version 0.105 using authority implementation `local' version `0.105'
Mar 27 07:21:32 SISOP dbus[678]: [system] Successfully activated service 'org.freedesktop.PolicyKit1'
Mar 27 07:21:32 SISOP systemd[1]: Started Authenticate and Authorize Users to Run Privileged Tasks.
Mar 27 07:21:32 SISOP accounts-daemon[661]: started daemon version 0.6.40
Mar 27 07:21:32 SISOP systemd[1]: Started Accounts Service.
Mar 27 07:21:32 SISOP dbus[678]: [system] Activating via systemd: service name='org.freedesktop.nm_dispatcher' unit='dbus-org.freedesktop.nm-dispatcher.service'
Mar 27 07:21:32 SISOP systemd[1]: Starting Network Manager Script Dispatcher Service...
Mar 27 07:21:33 SISOP dbus[678]: [system] Successfully activated service 'org.freedesktop.nm_dispatcher'
Mar 27 07:21:33 SISOP systemd[1]: Started Network Manager Script Dispatcher Service.
Mar 27 07:21:33 SISOP NetworkManager[693]: <info>  [1774606893.3373] init!
Mar 27 07:21:33 SISOP NetworkManager[693]: <info>  [1774606893.3380] management mode: unmanaged
Mar 27 07:21:33 SISOP NetworkManager[693]: <info>  [1774606893.3386] devices added (path: /sys/devices/pci0000:00/0000:00:03.0/net/enp0s3, iface: enp0s3)
Mar 27 07:21:33 SISOP NetworkManager[693]: <info>  [1774606893.3401] device added (path: /sys/devices/pci0000:00/0000:00:03.0/net/enp0s3, iface: enp0s3): no ifupdown configuration found.
Mar 27 07:21:33 SISOP NetworkManager[693]: <info>  [1774606893.3427] devices added (path: /sys/devices/virtual/net/lo, iface: lo)
Mar 27 07:21:33 SISOP NetworkManager[693]: <info>  [1774606893.3476] device added (path: /sys/devices/virtual/net/lo, iface: lo): no ifupdown configuration found.
Mar 27 07:21:33 SISOP NetworkManager[693]: <info>  [1774606893.3480] end _init.
Mar 27 07:21:33 SISOP NetworkManager[693]: <info>  [1774606893.3482] settings: loaded plugin ifupdown: (C) 2008 Canonical Ltd.  To report bugs please use the NetworkManager mailing list. (/usr/lib/x86_64-linux-gnu/NetworkManager/libnm-settings-plugin-ifupdown.so)
Mar 27 07:21:33 SISOP NetworkManager[693]: <info>  [1774606893.3487] settings: loaded plugin keyfile: (c) 2007 - 2015 Red Hat, Inc.  To report bugs please use the NetworkManager mailing list.
Mar 27 07:21:33 SISOP NetworkManager[693]: <info>  [1774606893.3541] SettingsPlugin-Ofono: init!
Mar 27 07:21:33 SISOP NetworkManager[693]: <warn>  [1774606893.3592] SettingsPlugin-Ofono: file doesn't exist: /var/lib/ofono
Mar 27 07:21:33 SISOP NetworkManager[693]: <info>  [1774606893.3596] SettingsPlugin-Ofono: end _init.
Mar 27 07:21:33 SISOP NetworkManager[693]: <info>  [1774606893.3597] settings: loaded plugin ofono: (C) 2013-2016 Canonical Ltd.  To report bugs please use the NetworkManager mailing list. (/usr/lib/x86_64-linux-gnu/NetworkManager/libnm-settings-plugin-ofono.so)
Mar 27 07:21:33 SISOP NetworkManager[693]: <info>  [1774606893.3598] (15018832) ... get_connections.
Mar 27 07:21:33 SISOP NetworkManager[693]: <info>  [1774606893.3599] (15018832) ... get_connections (managed=false): return empty list.
Mar 27 07:21:33 SISOP NetworkManager[693]: <info>  [1774606893.3644] SettingsPlugin-Ofono: (15019056) ... get_connections.
Mar 27 07:21:33 SISOP NetworkManager[693]: <info>  [1774606893.3680] SettingsPlugin-Ofono: (15019056) connections count: 0
Mar 27 07:21:33 SISOP NetworkManager[693]: <info>  [1774606893.3687] get unmanaged devices count: 0
Mar 27 07:21:33 SISOP dbus[678]: [system] Activating via systemd: service name='org.freedesktop.hostname1' unit='dbus-org.freedesktop.hostname1.service'
Mar 27 07:21:33 SISOP systemd[1]: Starting Hostname Service...
Mar 27 07:21:33 SISOP snapd[707]: AppArmor status: apparmor is enabled and all features are available
Mar 27 07:21:33 SISOP dbus[678]: [system] Successfully activated service 'org.freedesktop.hostname1'
Mar 27 07:21:33 SISOP systemd[1]: Started Hostname Service.
Mar 27 07:21:33 SISOP NetworkManager[693]: <info>  [1774606893.4806] settings: hostname: using hostnamed
Mar 27 07:21:33 SISOP NetworkManager[693]: <info>  [1774606893.4807] settings: hostname changed from (none) to "SISOP"
Mar 27 07:21:33 SISOP NetworkManager[693]: <info>  [1774606893.4810] Using DHCP client 'dhclient'
Mar 27 07:21:33 SISOP NetworkManager[693]: <info>  [1774606893.4810] manager: WiFi enabled by radio killswitch; enabled by state file
Mar 27 07:21:33 SISOP NetworkManager[693]: <info>  [1774606893.4810] manager: WWAN enabled by radio killswitch; enabled by state file
Mar 27 07:21:33 SISOP NetworkManager[693]: <info>  [1774606893.4810] manager: Networking is enabled by state file
Mar 27 07:21:33 SISOP NetworkManager[693]: <info>  [1774606893.4811] Loaded device plugin: NMVxlanFactory (internal)
Mar 27 07:21:33 SISOP NetworkManager[693]: <info>  [1774606893.4811] Loaded device plugin: NMVlanFactory (internal)
Mar 27 07:21:33 SISOP NetworkManager[693]: <info>  [1774606893.4811] Loaded device plugin: NMVethFactory (internal)
Mar 27 07:21:33 SISOP NetworkManager[693]: <info>  [1774606893.4812] Loaded device plugin: NMTunFactory (internal)
Mar 27 07:21:33 SISOP NetworkManager[693]: <info>  [1774606893.4812] Loaded device plugin: NMMacvlanFactory (internal)
Mar 27 07:21:33 SISOP NetworkManager[693]: <info>  [1774606893.4812] Loaded device plugin: NMIPTunnelFactory (internal)
Mar 27 07:21:33 SISOP NetworkManager[693]: <info>  [1774606893.4813] Loaded device plugin: NMInfinibandFactory (internal)
Mar 27 07:21:33 SISOP NetworkManager[693]: <info>  [1774606893.4814] Loaded device plugin: NMEthernetFactory (internal)
Mar 27 07:21:33 SISOP NetworkManager[693]: <info>  [1774606893.4814] Loaded device plugin: NMBridgeFactory (internal)
Mar 27 07:21:33 SISOP NetworkManager[693]: <info>  [1774606893.4814] Loaded device plugin: NMBondFactory (internal)
Mar 27 07:21:33 SISOP nm-dispatcher: req:1 'hostname': new request (1 scripts)
Mar 27 07:21:33 SISOP nm-dispatcher: req:1 'hostname': start running ordered scripts...
Mar 27 07:21:33 SISOP NetworkManager[693]: <info>  [1774606893.5055] Loaded device plugin: NMAtmManager (/usr/lib/x86_64-linux-gnu/NetworkManager/libnm-device-plugin-adsl.so)
Mar 27 07:21:33 SISOP NetworkManager[693]: <info>  [1774606893.5183] Loaded device plugin: NMWifiFactory (/usr/lib/x86_64-linux-gnu/NetworkManager/libnm-device-plugin-wifi.so)
Mar 27 07:21:33 SISOP NetworkManager[693]: <info>  [1774606893.5670] Loaded device plugin: NMWwanFactory (/usr/lib/x86_64-linux-gnu/NetworkManager/libnm-device-plugin-wwan.so)
Mar 27 07:21:33 SISOP NetworkManager[693]: <info>  [1774606893.6191] Loaded device plugin: NMBluezManager (/usr/lib/x86_64-linux-gnu/NetworkManager/libnm-device-plugin-bluetooth.so)
Mar 27 07:21:33 SISOP NetworkManager[693]: <info>  [1774606893.6424] manager: (enp0s3): new Ethernet device (/org/freedesktop/NetworkManager/Devices/0)
Mar 27 07:21:33 SISOP NetworkManager[693]: <info>  [1774606893.6444] keyfile: add connection in-memory (05b3bcfa-51f4-392b-8c4d-46b76052c634,"Wired connection 1")
Mar 27 07:21:33 SISOP NetworkManager[693]: <info>  [1774606893.6520] settings: (enp0s3): created default wired connection 'Wired connection 1'
Mar 27 07:21:33 SISOP NetworkManager[693]: <info>  [1774606893.6594] device (enp0s3): state change: unmanaged -> unavailable (reason 'managed') [10 20 2]
Mar 27 07:21:33 SISOP kernel: [   11.542199] IPv6: ADDRCONF(NETDEV_UP): enp0s3: link is not ready
Mar 27 07:21:33 SISOP snapd[707]: daemon.go:343: started snapd/2.45.1ubuntu0.2 (series 16; classic) ubuntu/16.04 (amd64) linux/4.15.0-112-generic.
Mar 27 07:21:33 SISOP kernel: [   11.580271] e1000: enp0s3 NIC Link is Up 1000 Mbps Full Duplex, Flow Control: RX
Mar 27 07:21:33 SISOP kernel: [   11.602230] IPv6: ADDRCONF(NETDEV_UP): enp0s3: link is not ready
Mar 27 07:21:33 SISOP kernel: [   11.602859] IPv6: ADDRCONF(NETDEV_CHANGE): enp0s3: link becomes ready
Mar 27 07:21:33 SISOP NetworkManager[693]: <info>  [1774606893.7416] device (enp0s3): link connected
Mar 27 07:21:33 SISOP NetworkManager[693]: nm_device_get_device_type: assertion 'NM_IS_DEVICE (self)' failed
Mar 27 07:21:33 SISOP NetworkManager[693]: <info>  [1774606893.7513] device (lo): link connected
Mar 27 07:21:33 SISOP NetworkManager[693]: <info>  [1774606893.7550] manager: (lo): new Generic device (/org/freedesktop/NetworkManager/Devices/1)
Mar 27 07:21:33 SISOP NetworkManager[693]: <info>  [1774606893.7759] urfkill disappeared from the bus
Mar 27 07:21:33 SISOP NetworkManager[693]: <info>  [1774606893.8382] ofono is now available
Mar 27 07:21:33 SISOP NetworkManager[693]: <warn>  [1774606893.8397] failed to enumerate oFono devices: GDBus.Error:org.freedesktop.DBus.Error.ServiceUnknown: The name org.ofono was not provided by any .service files
Mar 27 07:21:33 SISOP NetworkManager[693]: <info>  [1774606893.8459] device (enp0s3): state change: unavailable -> disconnected (reason 'none') [20 30 0]
Mar 27 07:21:33 SISOP snapd[707]: daemon.go:436: adjusting startup timeout by 30s (pessimistic estimate of 30s plus 5s per snap)
Mar 27 07:21:33 SISOP NetworkManager[693]: <info>  [1774606893.9098] policy: auto-activating connection 'Wired connection 1'
Mar 27 07:21:33 SISOP NetworkManager[693]: <info>  [1774606893.9269] device (enp0s3): Activation: starting connection 'Wired connection 1' (05b3bcfa-51f4-392b-8c4d-46b76052c634)
Mar 27 07:21:33 SISOP NetworkManager[693]: <info>  [1774606893.9280] device (enp0s3): state change: disconnected -> prepare (reason 'none') [30 40 0]
Mar 27 07:21:33 SISOP NetworkManager[693]: <info>  [1774606893.9286] manager: NetworkManager state is now CONNECTING
Mar 27 07:21:33 SISOP NetworkManager[693]: <info>  [1774606893.9328] device (enp0s3): state change: prepare -> config (reason 'none') [40 50 0]
Mar 27 07:21:33 SISOP NetworkManager[693]: <info>  [1774606893.9588] device (enp0s3): state change: config -> ip-config (reason 'none') [50 70 0]
Mar 27 07:21:33 SISOP NetworkManager[693]: <info>  [1774606893.9624] dhcp4 (enp0s3): activation: beginning transaction (timeout in 45 seconds)
Mar 27 07:21:34 SISOP vboxadd[658]: VirtualBox Guest Additions: Starting.
Mar 27 07:21:34 SISOP NetworkManager[693]: <info>  [1774606894.0713] dhcp4 (enp0s3): dhclient started with pid 814
Mar 27 07:21:34 SISOP dhclient[814]: DHCPREQUEST of 10.0.2.15 on enp0s3 to 255.255.255.255 port 67 (xid=0x4ffc1f49)
Mar 27 07:21:34 SISOP dhclient[814]: DHCPACK of 10.0.2.15 from 10.0.2.2
Mar 27 07:21:34 SISOP NetworkManager[693]: <info>  [1774606894.2085]   address 10.0.2.15
Mar 27 07:21:34 SISOP NetworkManager[693]: <info>  [1774606894.2108]   plen 24 (255.255.255.0)
Mar 27 07:21:34 SISOP NetworkManager[693]: <info>  [1774606894.2112]   gateway 10.0.2.2
Mar 27 07:21:34 SISOP NetworkManager[693]: <info>  [1774606894.2114]   server identifier 10.0.2.2
Mar 27 07:21:34 SISOP NetworkManager[693]: <info>  [1774606894.2115]   lease time 86400
Mar 27 07:21:34 SISOP NetworkManager[693]: <info>  [1774606894.2116]   nameserver '181.213.132.2'
Mar 27 07:21:34 SISOP NetworkManager[693]: <info>  [1774606894.2117]   nameserver '181.213.132.3'
Mar 27 07:21:34 SISOP NetworkManager[693]: <info>  [1774606894.2138] dhcp4 (enp0s3): state changed unknown -> bound
Mar 27 07:21:34 SISOP avahi-daemon[706]: Joining mDNS multicast group on interface enp0s3.IPv4 with address 10.0.2.15.
Mar 27 07:21:34 SISOP NetworkManager[693]: <info>  [1774606894.2270] device (enp0s3): state change: ip-config -> ip-check (reason 'none') [70 80 0]
Mar 27 07:21:34 SISOP NetworkManager[693]: <info>  [1774606894.2391] device (enp0s3): state change: ip-check -> secondaries (reason 'none') [80 90 0]
Mar 27 07:21:34 SISOP avahi-daemon[706]: New relevant interface enp0s3.IPv4 for mDNS.
Mar 27 07:21:34 SISOP avahi-daemon[706]: Registering new address record for 10.0.2.15 on enp0s3.IPv4.
Mar 27 07:21:34 SISOP NetworkManager[693]: <info>  [1774606894.2488] device (enp0s3): state change: secondaries -> activated (reason 'none') [90 100 0]
Mar 27 07:21:34 SISOP NetworkManager[693]: <info>  [1774606894.2496] manager: NetworkManager state is now CONNECTED_LOCAL
Mar 27 07:21:34 SISOP dhclient[814]: bound to 10.0.2.15 -- renewal in 42318 seconds.
Mar 27 07:21:34 SISOP NetworkManager[693]: <info>  [1774606894.2978] manager: NetworkManager state is now CONNECTED_GLOBAL
Mar 27 07:21:34 SISOP NetworkManager[693]: <info>  [1774606894.2991] policy: set 'Wired connection 1' (enp0s3) as default for IPv4 routing and DNS
Mar 27 07:21:34 SISOP NetworkManager[693]: <info>  [1774606894.2995] dns-plugin[0xe420e0]: starting dnsmasq...
Mar 27 07:21:34 SISOP systemd[1]: Started Snap Daemon.
Mar 27 07:21:34 SISOP systemd[1]: Starting Wait until snapd is fully seeded...
Mar 27 07:21:34 SISOP NetworkManager[693]: <info>  [1774606894.3127] dns-mgr: Writing DNS information to /sbin/resolvconf
Mar 27 07:21:34 SISOP dnsmasq[864]: started, version 2.75 cache disabled
Mar 27 07:21:34 SISOP dnsmasq[864]: compile time options: IPv6 GNU-getopt DBus i18n IDN DHCP DHCPv6 no-Lua TFTP conntrack ipset auth DNSSEC loop-detect inotify
Mar 27 07:21:34 SISOP dnsmasq[864]: DBus support enabled: connected to system bus
Mar 27 07:21:34 SISOP dnsmasq[864]: warning: no upstream servers configured
Mar 27 07:21:34 SISOP systemd[1]: Started Wait until snapd is fully seeded.
Mar 27 07:21:35 SISOP systemd[1]: Started vboxadd.service.
Mar 27 07:21:35 SISOP systemd[1]: Starting vboxadd-service.service...
Mar 27 07:21:35 SISOP systemd[1]: Starting Light Display Manager...
Mar 27 07:21:35 SISOP NetworkManager[693]: <info>  [1774606895.0243] device (enp0s3): Activation: successful, device activated.
Mar 27 07:21:35 SISOP vboxadd-service[1024]: vboxadd-service.sh: Starting VirtualBox Guest Addition service.
Mar 27 07:21:35 SISOP nm-dispatcher: req:2 'up' [enp0s3]: new request (1 scripts)
Mar 27 07:21:35 SISOP nm-dispatcher: req:2 'up' [enp0s3]: start running ordered scripts...
Mar 27 07:21:35 SISOP vboxadd-service.sh: Starting VirtualBox Guest Addition service.
Mar 27 07:21:35 SISOP NetworkManager[693]: <info>  [1774606895.0468] dnsmasq[0xe420e0]: dnsmasq appeared as :1.16
Mar 27 07:21:35 SISOP dnsmasq[864]: setting upstream servers from DBus
Mar 27 07:21:35 SISOP dnsmasq[864]: using nameserver 181.213.132.2#53(via enp0s3)
Mar 27 07:21:35 SISOP dnsmasq[864]: using nameserver 181.213.132.3#53(via enp0s3)
Mar 27 07:21:35 SISOP kernel: [   13.034562] 10:21:35.152971 main     VBoxService 7.2.6 r172322 (verbosity: 0) linux.amd64 (Jan 15 2026 17:07:07) release log
Mar 27 07:21:35 SISOP kernel: [   13.034562] 10:21:35.152975 main     Log opened 2026-03-27T10:21:35.152962000Z
Mar 27 07:21:35 SISOP kernel: [   13.034677] 10:21:35.153167 main     OS Product: Linux
Mar 27 07:21:35 SISOP kernel: [   13.034739] 10:21:35.153245 main     OS Release: 4.15.0-112-generic
Mar 27 07:21:35 SISOP kernel: [   13.034795] 10:21:35.153307 main     OS Version: #113~16.04.1-Ubuntu SMP Fri Jul 10 04:37:08 UTC 2020
Mar 27 07:21:35 SISOP kernel: [   13.034856] 10:21:35.153363 main     Executable: /opt/VBoxGuestAdditions-7.2.6/sbin/VBoxService
Mar 27 07:21:35 SISOP kernel: [   13.034856] 10:21:35.153364 main     Process ID: 1043
Mar 27 07:21:35 SISOP kernel: [   13.034856] 10:21:35.153365 main     Package type: LINUX_64BITS_GENERIC
Mar 27 07:21:35 SISOP kernel: [   13.037979] 10:21:35.156407 main     7.2.6 r172322 started. Verbose level = 0
Mar 27 07:21:35 SISOP kernel: [   13.046392] 10:21:35.164887 main     vbglR3GuestCtrlDetectPeekGetCancelSupport: Supported (#1)
Mar 27 07:21:35 SISOP vboxadd-service.sh: VirtualBox Guest Addition service started.
Mar 27 07:21:35 SISOP kernel: [   13.060729] 10:21:35.179104 vminfo   Error: Unable to connect to system D-Bus (1/3): D-Bus not installed
Mar 27 07:21:35 SISOP systemd[1]: Started vboxadd-service.service.
Mar 27 07:21:35 SISOP systemd[1]: Received SIGRTMIN+21 from PID 296 (plymouthd).
Mar 27 07:21:35 SISOP systemd[1]: Started Light Display Manager.
Mar 27 07:21:36 SISOP avahi-daemon[706]: Joining mDNS multicast group on interface enp0s3.IPv6 with address fe80::3843:7f1:7295:ac60.
Mar 27 07:21:36 SISOP avahi-daemon[706]: New relevant interface enp0s3.IPv6 for mDNS.
Mar 27 07:21:36 SISOP avahi-daemon[706]: Registering new address record for fe80::3843:7f1:7295:ac60 on enp0s3.*.
Mar 27 07:21:36 SISOP NetworkManager[693]: <info>  [1774606896.1891] policy: set 'Wired connection 1' (enp0s3) as default for IPv6 routing and DNS
Mar 27 07:21:36 SISOP dnsmasq[864]: setting upstream servers from DBus
Mar 27 07:21:36 SISOP dnsmasq[864]: using nameserver 181.213.132.2#53(via enp0s3)
Mar 27 07:21:36 SISOP dnsmasq[864]: using nameserver 181.213.132.3#53(via enp0s3)
Mar 27 07:21:36 SISOP dnsmasq[864]: using nameserver fd17:625c:f037:2::3#53(via enp0s3)
Mar 27 07:21:36 SISOP NetworkManager[693]: <info>  [1774606896.1911] dns-mgr: Writing DNS information to /sbin/resolvconf
Mar 27 07:21:36 SISOP systemd[1]: Created slice User Slice of lightdm.
Mar 27 07:21:36 SISOP systemd[1]: Started Session c1 of user lightdm.
Mar 27 07:21:36 SISOP systemd[1]: Starting User Manager for UID 108...
Mar 27 07:21:36 SISOP systemd[1199]: Reached target Paths.
Mar 27 07:21:36 SISOP systemd[1199]: Listening on REST API socket for snapd user session agent.
Mar 27 07:21:36 SISOP systemd[1199]: Reached target Sockets.
Mar 27 07:21:36 SISOP systemd[1199]: Reached target Timers.
Mar 27 07:21:36 SISOP systemd[1199]: Reached target Basic System.
Mar 27 07:21:36 SISOP systemd[1199]: Reached target Default.
Mar 27 07:21:36 SISOP systemd[1199]: Startup finished in 35ms.
Mar 27 07:21:36 SISOP systemd[1]: Started User Manager for UID 108.
Mar 27 07:21:37 SISOP avahi-daemon[706]: Leaving mDNS multicast group on interface enp0s3.IPv6 with address fe80::3843:7f1:7295:ac60.
Mar 27 07:21:37 SISOP avahi-daemon[706]: Joining mDNS multicast group on interface enp0s3.IPv6 with address fd17:625c:f037:2:e045:7c59:4be0:1c1.
Mar 27 07:21:37 SISOP avahi-daemon[706]: Registering new address record for fd17:625c:f037:2:e045:7c59:4be0:1c1 on enp0s3.*.
Mar 27 07:21:37 SISOP avahi-daemon[706]: Withdrawing address record for fe80::3843:7f1:7295:ac60 on enp0s3.
Mar 27 07:21:37 SISOP org.a11y.atspi.Registry[1227]: SpiRegistry daemon is running with well-known name - org.a11y.atspi.Registry
Mar 27 07:21:38 SISOP avahi-daemon[706]: Registering new address record for fd17:625c:f037:2:8111:2436:ea86:dd18 on enp0s3.*.
Mar 27 07:21:38 SISOP dbus[678]: [system] Activating via systemd: service name='org.bluez' unit='dbus-org.bluez.service'
Mar 27 07:21:39 SISOP NetworkManager[693]: <info>  [1774606899.1227] manager: startup complete
Mar 27 07:21:39 SISOP systemd[1]: Started Network Manager Wait Online.
Mar 27 07:21:39 SISOP systemd[1]: Reached target Network is Online.
Mar 27 07:21:39 SISOP systemd[1]: Starting /etc/rc.local Compatibility...
Mar 27 07:21:39 SISOP systemd[1]: Started crash report submission daemon.
Mar 27 07:21:39 SISOP systemd[1]: Started /etc/rc.local Compatibility.
Mar 27 07:21:39 SISOP systemd[1]: Starting Hold until boot process finishes up...
Mar 27 07:21:39 SISOP systemd[1]: Started Hold until boot process finishes up.
Mar 27 07:21:39 SISOP systemd[1]: Started Getty on tty1.
Mar 27 07:21:39 SISOP systemd[1]: Reached target Login Prompts.
Mar 27 07:21:39 SISOP systemd[1]: Reached target Multi-User System.
Mar 27 07:21:39 SISOP systemd[1]: Reached target Graphical Interface.
Mar 27 07:21:39 SISOP systemd[1]: Starting Update UTMP about System Runlevel Changes...
Mar 27 07:21:39 SISOP systemd[1]: Starting Set console scheme...
Mar 27 07:21:39 SISOP systemd[1]: Started Update UTMP about System Runlevel Changes.
Mar 27 07:21:39 SISOP systemd[1]: Started Set console scheme.
Mar 27 07:21:39 SISOP systemd[1]: Startup finished in 4.773s (kernel) + 12.494s (userspace) = 17.268s.
Mar 27 07:21:39 SISOP whoopsie[1292]: [07:21:39] Using lock path: /var/lock/whoopsie/lock
Mar 27 07:21:39 SISOP dbus[678]: [system] Activating via systemd: service name='org.freedesktop.RealtimeKit1' unit='rtkit-daemon.service'
Mar 27 07:21:39 SISOP systemd[1]: Starting RealtimeKit Scheduling Policy Service...
Mar 27 07:21:39 SISOP dbus[678]: [system] Successfully activated service 'org.freedesktop.RealtimeKit1'
Mar 27 07:21:39 SISOP systemd[1]: Started RealtimeKit Scheduling Policy Service.
Mar 27 07:21:39 SISOP rtkit-daemon[1324]: Successfully called chroot.
Mar 27 07:21:39 SISOP rtkit-daemon[1324]: Successfully dropped privileges.
Mar 27 07:21:39 SISOP rtkit-daemon[1324]: Successfully limited resources.
Mar 27 07:21:39 SISOP rtkit-daemon[1324]: Running.
Mar 27 07:21:39 SISOP rtkit-daemon[1324]: Watchdog thread running.
Mar 27 07:21:39 SISOP rtkit-daemon[1324]: Canary thread running.
Mar 27 07:21:39 SISOP rtkit-daemon[1324]: Successfully made thread 1323 of process 1323 (n/a) owned by '108' high priority at nice level -11.
Mar 27 07:21:39 SISOP rtkit-daemon[1324]: Supervising 1 threads of 1 processes of 1 users.
Mar 27 07:21:39 SISOP whoopsie[1292]: [07:21:39] The default IPv4 route is: /org/freedesktop/NetworkManager/ActiveConnection/0
Mar 27 07:21:39 SISOP whoopsie[1292]: [07:21:39] Not a paid data plan: /org/freedesktop/NetworkManager/ActiveConnection/0
Mar 27 07:21:39 SISOP whoopsie[1292]: [07:21:39] Found usable connection: /org/freedesktop/NetworkManager/ActiveConnection/0
Mar 27 07:21:40 SISOP pulseaudio[1323]: [pulseaudio] alsa-util.c: Disabling timer-based scheduling because running inside a VM.
Mar 27 07:21:40 SISOP pulseaudio[1323]: [pulseaudio] sink.c: Default and alternate sample rates are the same.
Mar 27 07:21:40 SISOP rtkit-daemon[1324]: Supervising 1 threads of 1 processes of 1 users.
Mar 27 07:21:40 SISOP rtkit-daemon[1324]: Successfully made thread 1333 of process 1323 (n/a) owned by '108' RT at priority 5.
Mar 27 07:21:40 SISOP rtkit-daemon[1324]: Supervising 2 threads of 1 processes of 1 users.
Mar 27 07:21:40 SISOP pulseaudio[1323]: [pulseaudio] alsa-util.c: Disabling timer-based scheduling because running inside a VM.
Mar 27 07:21:40 SISOP rtkit-daemon[1324]: Supervising 2 threads of 1 processes of 1 users.
Mar 27 07:21:40 SISOP rtkit-daemon[1324]: Successfully made thread 1334 of process 1323 (n/a) owned by '108' RT at priority 5.
Mar 27 07:21:40 SISOP rtkit-daemon[1324]: Supervising 3 threads of 1 processes of 1 users.
Mar 27 07:21:41 SISOP pulseaudio[1323]: [alsa-sink-Intel ICH] alsa-sink.c: ALSA woke us up to write new data to the device, but there was actually nothing to write.
Mar 27 07:21:41 SISOP pulseaudio[1323]: [alsa-sink-Intel ICH] alsa-sink.c: Most likely this is a bug in the ALSA driver 'snd_intel8x0'. Please report this issue to the ALSA developers.
Mar 27 07:21:41 SISOP pulseaudio[1323]: [alsa-sink-Intel ICH] alsa-sink.c: We were woken up with POLLOUT set -- however a subsequent snd_pcm_avail() returned 0 or another value < min_avail.
Mar 27 07:21:41 SISOP dbus[678]: [system] Activating via systemd: service name='org.freedesktop.UPower' unit='upower.service'
Mar 27 07:21:41 SISOP systemd[1]: Starting Daemon for power management...
Mar 27 07:21:41 SISOP dbus[678]: [system] Successfully activated service 'org.freedesktop.UPower'
Mar 27 07:21:41 SISOP systemd[1]: Started Daemon for power management.
Mar 27 07:21:41 SISOP dbus[678]: [system] Activating via systemd: service name='org.freedesktop.ColorManager' unit='colord.service'
Mar 27 07:21:41 SISOP systemd[1]: Starting Manage, Install and Generate Color Profiles...
Mar 27 07:21:41 SISOP colord[1361]: (colord:1361): Cd-WARNING **: failed to get edid data: EDID length is too small
Mar 27 07:21:41 SISOP dbus[678]: [system] Successfully activated service 'org.freedesktop.ColorManager'
Mar 27 07:21:41 SISOP systemd[1]: Started Manage, Install and Generate Color Profiles.
Mar 27 07:21:43 SISOP NetworkManager[693]: <info>  [1774606903.1203] manager: WiFi hardware radio set enabled
Mar 27 07:21:43 SISOP NetworkManager[693]: <info>  [1774606903.1203] manager: WWAN hardware radio set enabled
Mar 27 07:21:45 SISOP kernel: [   23.075966] 10:21:45.199023 vminfo   Error: Unable to connect to system D-Bus (2/3): D-Bus not installed
Mar 27 07:21:49 SISOP snapd[707]: daemon.go:542: gracefully waiting for running hooks
Mar 27 07:21:49 SISOP snapd[707]: daemon.go:544: done waiting for running hooks
Mar 27 07:21:49 SISOP snapd[707]: daemon stop requested to wait for socket activation
Mar 27 07:21:55 SISOP kernel: [   33.072277] 10:21:55.200277 vminfo   Error: Unable to connect to system D-Bus (3/3): D-Bus not installed
Mar 27 07:22:03 SISOP pulseaudio[1323]: [pulseaudio] bluez5-util.c: GetManagedObjects() failed: org.freedesktop.DBus.Error.TimedOut: Failed to activate service 'org.bluez': timed out
Mar 27 07:22:04 SISOP org.gtk.vfs.Daemon[1212]: A connection to the bus can't be made
Mar 27 07:22:04 SISOP systemd[1]: Created slice User Slice of vboxuser.
Mar 27 07:22:04 SISOP systemd[1]: Starting User Manager for UID 1000...
Mar 27 07:22:04 SISOP systemd[1]: Started Session c2 of user vboxuser.
Mar 27 07:22:04 SISOP systemd[1381]: Reached target Timers.
Mar 27 07:22:04 SISOP systemd[1381]: Reached target Paths.
Mar 27 07:22:04 SISOP systemd[1381]: Listening on REST API socket for snapd user session agent.
Mar 27 07:22:04 SISOP systemd[1381]: Reached target Sockets.
Mar 27 07:22:04 SISOP systemd[1381]: Reached target Basic System.
Mar 27 07:22:04 SISOP systemd[1381]: Reached target Default.
Mar 27 07:22:04 SISOP systemd[1381]: Startup finished in 62ms.
Mar 27 07:22:04 SISOP systemd[1]: Started User Manager for UID 1000.
Mar 27 07:22:04 SISOP dbus[678]: [system] Activating via systemd: service name='org.bluez' unit='dbus-org.bluez.service'
Mar 27 07:22:05 SISOP org.ayatana.bamf[1650]: bamfdaemon start/running, process 1703
Mar 27 07:22:05 SISOP org.a11y.Bus[1650]: ** (process:1745): WARNING **: Failed to register client: GDBus.Error:org.freedesktop.DBus.Error.ServiceUnknown: The name org.gnome.SessionManager was not provided by any .service files
Mar 27 07:22:05 SISOP org.a11y.Bus[1650]: Activating service name='org.a11y.atspi.Registry'
Mar 27 07:22:05 SISOP org.a11y.Bus[1650]: Successfully activated service 'org.a11y.atspi.Registry'
Mar 27 07:22:05 SISOP org.a11y.atspi.Registry[1754]: SpiRegistry daemon is running with well-known name - org.a11y.atspi.Registry
Mar 27 07:22:08 SISOP gnome-session[1800]: gnome-session-is-accelerated: llvmpipe detected.
Mar 27 07:22:09 SISOP rtkit-daemon[1324]: Successfully made thread 1911 of process 1911 (n/a) owned by '1000' high priority at nice level -11.
Mar 27 07:22:09 SISOP rtkit-daemon[1324]: Supervising 4 threads of 2 processes of 2 users.
Mar 27 07:22:09 SISOP pulseaudio[1911]: [pulseaudio] alsa-util.c: Disabling timer-based scheduling because running inside a VM.
Mar 27 07:22:09 SISOP pulseaudio[1911]: [pulseaudio] sink.c: Default and alternate sample rates are the same.
Mar 27 07:22:09 SISOP rtkit-daemon[1324]: Supervising 4 threads of 2 processes of 2 users.
Mar 27 07:22:09 SISOP rtkit-daemon[1324]: Successfully made thread 1927 of process 1911 (n/a) owned by '1000' RT at priority 5.
Mar 27 07:22:09 SISOP rtkit-daemon[1324]: Supervising 5 threads of 2 processes of 2 users.
Mar 27 07:22:09 SISOP pulseaudio[1911]: [pulseaudio] alsa-util.c: Disabling timer-based scheduling because running inside a VM.
Mar 27 07:22:09 SISOP rtkit-daemon[1324]: Supervising 5 threads of 2 processes of 2 users.
Mar 27 07:22:09 SISOP rtkit-daemon[1324]: Successfully made thread 1930 of process 1911 (n/a) owned by '1000' RT at priority 5.
Mar 27 07:22:09 SISOP rtkit-daemon[1324]: Supervising 6 threads of 2 processes of 2 users.
Mar 27 07:22:10 SISOP rtkit-daemon[1324]: Successfully made thread 1943 of process 1943 (n/a) owned by '1000' high priority at nice level -11.
Mar 27 07:22:10 SISOP rtkit-daemon[1324]: Supervising 7 threads of 3 processes of 2 users.
Mar 27 07:22:10 SISOP pulseaudio[1943]: [pulseaudio] pid.c: Daemon already running.
Mar 27 07:22:10 SISOP pulseaudio[1911]: [alsa-source-Intel ICH] alsa-source.c: ALSA woke us up to read new data from the device, but there was actually nothing to read.
Mar 27 07:22:10 SISOP pulseaudio[1911]: [alsa-source-Intel ICH] alsa-source.c: Most likely this is a bug in the ALSA driver 'snd_intel8x0'. Please report this issue to the ALSA developers.
Mar 27 07:22:10 SISOP pulseaudio[1911]: [alsa-source-Intel ICH] alsa-source.c: We were woken up with POLLIN set -- however a subsequent snd_pcm_avail() returned 0 or another value < min_avail.
Mar 27 07:22:10 SISOP dbus[678]: [system] Activating via systemd: service name='org.freedesktop.locale1' unit='dbus-org.freedesktop.locale1.service'
Mar 27 07:22:10 SISOP systemd[1]: Starting Locale Service...
Mar 27 07:22:10 SISOP dbus[678]: [system] Successfully activated service 'org.freedesktop.locale1'
Mar 27 07:22:10 SISOP systemd[1]: Started Locale Service.
Mar 27 07:22:10 SISOP org.gnome.ScreenSaver[1650]: ** (gnome-screensaver:1888): WARNING **: Couldn't get presence status: The name org.gnome.SessionManager was not provided by any .service files
Mar 27 07:22:11 SISOP gnome-session[1800]: SSH_AUTH_SOCK=/run/user/1000/keyring/ssh
Mar 27 07:22:11 SISOP gnome-session[1800]: SSH_AUTH_SOCK=/run/user/1000/keyring/ssh
Mar 27 07:22:11 SISOP gnome-session[1800]: SSH_AUTH_SOCK=/run/user/1000/keyring/ssh
Mar 27 07:22:11 SISOP gnome-session[1800]: 10:22:11.717424 main     VBoxClient 7.2.6 r172322 (verbosity: 0) linux.amd64 (Jan 15 2026 17:07:07) release log
Mar 27 07:22:11 SISOP gnome-session[1800]: 10:22:11.717427 main     Log opened 2026-03-27T10:22:11.717418000Z
Mar 27 07:22:11 SISOP gnome-session[1800]: 10:22:11.717844 main     OS Product: Linux
Mar 27 07:22:11 SISOP gnome-session[1800]: 10:22:11.717981 main     OS Release: 4.15.0-112-generic
Mar 27 07:22:11 SISOP gnome-session[1800]: 10:22:11.718077 main     OS Version: #113~16.04.1-Ubuntu SMP Fri Jul 10 04:37:08 UTC 2020
Mar 27 07:22:11 SISOP gnome-session[1800]: 10:22:11.718190 main     Executable: /opt/VBoxGuestAdditions-7.2.6/bin/VBoxClient
Mar 27 07:22:11 SISOP gnome-session[1800]: 10:22:11.718192 main     Process ID: 1987
Mar 27 07:22:11 SISOP gnome-session[1800]: 10:22:11.718192 main     Package type: LINUX_64BITS_GENERIC
Mar 27 07:22:11 SISOP gnome-session[1800]: 10:22:11.718404 main      VBoxClient 7.2.6 r172322 started. Verbose level = 0
Mar 27 07:22:11 SISOP gnome-session[1800]: 10:22:11.731648 main      Session type is: VBGHDISPLAYSERVERTYPE_X11
Mar 27 07:22:11 SISOP gnome-session[1800]: 10:22:11.732055 main      Service: Shared Clipboard
Mar 27 07:22:11 SISOP gnome-session[1800]: 10:22:11.732444 main      Daemonizing service ...
Mar 27 07:22:11 SISOP gnome-session[1800]: 10:22:11.807222 main     VBoxClient 7.2.6 r172322 (verbosity: 0) linux.amd64 (Jan 15 2026 17:07:07) release log
Mar 27 07:22:11 SISOP gnome-session[1800]: 10:22:11.807224 main     Log opened 2026-03-27T10:22:11.807213000Z
Mar 27 07:22:11 SISOP gnome-session[1800]: 10:22:11.807668 main     OS Product: Linux
Mar 27 07:22:11 SISOP gnome-session[1800]: 10:22:11.807756 main     OS Release: 4.15.0-112-generic
Mar 27 07:22:11 SISOP gnome-session[1800]: 10:22:11.807835 main     OS Version: #113~16.04.1-Ubuntu SMP Fri Jul 10 04:37:08 UTC 2020
Mar 27 07:22:11 SISOP gnome-session[1800]: 10:22:11.807920 main     Executable: /opt/VBoxGuestAdditions-7.2.6/bin/VBoxClient
Mar 27 07:22:11 SISOP gnome-session[1800]: 10:22:11.807921 main     Process ID: 1991
Mar 27 07:22:11 SISOP gnome-session[1800]: 10:22:11.807921 main     Package type: LINUX_64BITS_GENERIC
Mar 27 07:22:11 SISOP gnome-session[1800]: 10:22:11.808146 main      VBoxClient 7.2.6 r172322 started. Verbose level = 0
Mar 27 07:22:11 SISOP gnome-session[1800]: 10:22:11.825588 main      Session type is: VBGHDISPLAYSERVERTYPE_X11
Mar 27 07:22:11 SISOP gnome-session[1800]: 10:22:11.833336 main      Service: Seamless Mode Support
Mar 27 07:22:11 SISOP gnome-session[1800]: 10:22:11.834184 main      Daemonizing service ...
Mar 27 07:22:11 SISOP gnome-session[1800]: 10:22:11.875806 main     VBoxClient 7.2.6 r172322 (verbosity: 0) linux.amd64 (Jan 15 2026 17:07:07) release log
Mar 27 07:22:11 SISOP gnome-session[1800]: 10:22:11.875809 main     Log opened 2026-03-27T10:22:11.875800000Z
Mar 27 07:22:11 SISOP gnome-session[1800]: 10:22:11.876353 main     OS Product: Linux
Mar 27 07:22:11 SISOP gnome-session[1800]: 10:22:11.876499 main     OS Release: 4.15.0-112-generic
Mar 27 07:22:11 SISOP gnome-session[1800]: 10:22:11.876582 main     OS Version: #113~16.04.1-Ubuntu SMP Fri Jul 10 04:37:08 UTC 2020
Mar 27 07:22:11 SISOP gnome-session[1800]: 10:22:11.876661 main     Executable: /opt/VBoxGuestAdditions-7.2.6/bin/VBoxClient
Mar 27 07:22:11 SISOP gnome-session[1800]: 10:22:11.876661 main     Process ID: 1995
Mar 27 07:22:11 SISOP gnome-session[1800]: 10:22:11.876662 main     Package type: LINUX_64BITS_GENERIC
Mar 27 07:22:11 SISOP gnome-session[1800]: 10:22:11.876905 main      VBoxClient 7.2.6 r172322 started. Verbose level = 0
Mar 27 07:22:11 SISOP gnome-session[1800]: 10:22:11.884619 main      Session type is: VBGHDISPLAYSERVERTYPE_X11
Mar 27 07:22:11 SISOP gnome-session[1800]: 10:22:11.885202 main      Service: Drag'n'Drop
Mar 27 07:22:11 SISOP gnome-session[1800]: 10:22:11.885651 main      Daemonizing service ...
Mar 27 07:22:11 SISOP gnome-session[1800]: 10:22:11.937835 main     VBoxClient 7.2.6 r172322 (verbosity: 0) linux.amd64 (Jan 15 2026 17:07:07) release log
Mar 27 07:22:11 SISOP gnome-session[1800]: 10:22:11.937837 main     Log opened 2026-03-27T10:22:11.937828000Z
Mar 27 07:22:11 SISOP gnome-session[1800]: 10:22:11.938297 main     OS Product: Linux
Mar 27 07:22:11 SISOP gnome-session[1800]: 10:22:11.941237 main     OS Release: 4.15.0-112-generic
Mar 27 07:22:11 SISOP gnome-session[1800]: 10:22:11.944364 main     OS Version: #113~16.04.1-Ubuntu SMP Fri Jul 10 04:37:08 UTC 2020
Mar 27 07:22:11 SISOP gnome-session[1800]: 10:22:11.945877 main     Executable: /opt/VBoxGuestAdditions-7.2.6/bin/VBoxClient
Mar 27 07:22:11 SISOP gnome-session[1800]: 10:22:11.945880 main     Process ID: 1999
Mar 27 07:22:11 SISOP gnome-session[1800]: 10:22:11.945881 main     Package type: LINUX_64BITS_GENERIC
Mar 27 07:22:11 SISOP gnome-session[1800]: 10:22:11.945899 main      VBoxClient 7.2.6 r172322 started. Verbose level = 0
Mar 27 07:22:11 SISOP gnome-session[1800]: 10:22:11.951226 main      Session type is: VBGHDISPLAYSERVERTYPE_X11
Mar 27 07:22:11 SISOP gnome-session[1800]: 10:22:11.951524 main      Service: VirtualBox host version check
Mar 27 07:22:11 SISOP gnome-session[1800]: 10:22:11.951694 main      Daemonizing service ...
Mar 27 07:22:11 SISOP gnome-session[1800]: 10:22:11.963619 main     VBoxClient 7.2.6 r172322 (verbosity: 0) linux.amd64 (Jan 15 2026 17:07:07) release log
Mar 27 07:22:11 SISOP gnome-session[1800]: 10:22:11.963621 main     Log opened 2026-03-27T10:22:11.963613000Z
Mar 27 07:22:11 SISOP gnome-session[1800]: 10:22:11.965013 main     OS Product: Linux
Mar 27 07:22:11 SISOP gnome-session[1800]: 10:22:11.965315 main     OS Release: 4.15.0-112-generic
Mar 27 07:22:11 SISOP gnome-session[1800]: 10:22:11.965895 main     OS Version: #113~16.04.1-Ubuntu SMP Fri Jul 10 04:37:08 UTC 2020
Mar 27 07:22:11 SISOP gnome-session[1800]: 10:22:11.965993 main     Executable: /opt/VBoxGuestAdditions-7.2.6/bin/VBoxClient
Mar 27 07:22:11 SISOP gnome-session[1800]: 10:22:11.965994 main     Process ID: 2003
Mar 27 07:22:11 SISOP gnome-session[1800]: 10:22:11.965994 main     Package type: LINUX_64BITS_GENERIC
Mar 27 07:22:11 SISOP gnome-session[1800]: 10:22:11.966178 main      VBoxClient 7.2.6 r172322 started. Verbose level = 0
Mar 27 07:22:11 SISOP gnome-session[1800]: 10:22:11.980539 main      Session type is: VBGHDISPLAYSERVERTYPE_X11
Mar 27 07:22:11 SISOP gnome-session[1800]: 10:22:11.983675 main      Service: VMSVGA display assistant
Mar 27 07:22:11 SISOP gnome-session[1800]: 10:22:11.984108 main      Daemonizing service ...
Mar 27 07:22:12 SISOP gnome-session-binary[1800]: Entering running state
Mar 27 07:22:12 SISOP gnome-session[1800]: (process:2011): indicator-application-service-WARNING **: Unable to get watcher name 'org.kde.StatusNotifierWatcher'
Mar 27 07:22:12 SISOP gnome-session[1800]: (process:2011): indicator-application-service-WARNING **: Name Lost
Mar 27 07:22:12 SISOP dbus[678]: [system] Activating via systemd: service name='org.freedesktop.UDisks2' unit='udisks2.service'
Mar 27 07:22:12 SISOP systemd[1]: Starting Disk Manager...
Mar 27 07:22:13 SISOP udisksd[2037]: udisks daemon version 2.1.7 starting
Mar 27 07:22:13 SISOP dbus[678]: [system] Successfully activated service 'org.freedesktop.UDisks2'
Mar 27 07:22:13 SISOP systemd[1]: Started Disk Manager.
Mar 27 07:22:13 SISOP udisksd[2037]: Acquired the name org.freedesktop.UDisks2 on the system message bus
Mar 27 07:22:13 SISOP udisksd[2037]: Cleaning up mount point /media/vboxuser/VBox_GAs_7.2.6 (device 11:0 is not mounted)
Mar 27 07:22:14 SISOP systemd[1]: Starting Snap Daemon...
Mar 27 07:22:14 SISOP snapd[2064]: AppArmor status: apparmor is enabled and all features are available
Mar 27 07:22:14 SISOP org.gtk.vfs.AfcVolumeMonitor[1650]: Volume monitor alive
Mar 27 07:22:14 SISOP snapd[2064]: daemon.go:343: started snapd/2.45.1ubuntu0.2 (series 16; classic) ubuntu/16.04 (amd64) linux/4.15.0-112-generic.
Mar 27 07:22:14 SISOP snapd[2064]: daemon.go:436: adjusting startup timeout by 30s (pessimistic estimate of 30s plus 5s per snap)
Mar 27 07:22:14 SISOP systemd[1]: Started Snap Daemon.
Mar 27 07:22:14 SISOP dbus[678]: [system] Activating via systemd: service name='org.freedesktop.fwupd' unit='fwupd.service'
Mar 27 07:22:14 SISOP systemd[1]: Starting Firmware update daemon...
Mar 27 07:22:14 SISOP kernel: [   52.731796] ISO 9660 Extensions: Microsoft Joliet Level 3
